Archive member included to satisfy reference by file (symbol)

NuttX/nuttx/arch/arm/src/libarch.a(stm32_start.o)
                              (__start)
NuttX/nuttx/arch/arm/src/libarch.a(stm32_rcc.o)
                              NuttX/nuttx/arch/arm/src/libarch.a(stm32_start.o) (stm32_clockconfig)
NuttX/nuttx/arch/arm/src/libarch.a(stm32_gpio.o)
                              NuttX/nuttx/arch/arm/src/libarch.a(stm32_start.o) (stm32_gpioinit)
NuttX/nuttx/arch/arm/src/libarch.a(stm32_lowputc.o)
                              NuttX/nuttx/arch/arm/src/libarch.a(stm32_start.o) (stm32_lowsetup)
NuttX/nuttx/arch/arm/src/libarch.a(stm32_serial.o)
                              NuttX/nuttx/arch/arm/src/libarch.a(stm32_start.o) (up_earlyserialinit)
NuttX/nuttx/arch/arm/src/libarch.a(up_modifyreg32.o)
                              NuttX/nuttx/arch/arm/src/libarch.a(stm32_serial.o) (modifyreg32)
NuttX/nuttx/arch/arm/src/libarch.a(up_vectors.o)
                              (_vectors)
NuttX/nuttx/arch/arm/src/libarch.a(up_exception.o)
                              NuttX/nuttx/arch/arm/src/libarch.a(up_vectors.o) (exception_common)
NuttX/nuttx/arch/arm/src/libarch.a(stm32_irq.o)
                              NuttX/nuttx/arch/arm/src/libarch.a(stm32_serial.o) (up_disable_irq)
NuttX/nuttx/arch/arm/src/libarch.a(stm32_dma.o)
                              NuttX/nuttx/arch/arm/src/libarch.a(stm32_serial.o) (stm32_dmachannel)
NuttX/nuttx/arch/arm/src/libarch.a(up_assert.o)
                              NuttX/nuttx/arch/arm/src/libarch.a(stm32_dma.o) (up_assert)
NuttX/nuttx/arch/arm/src/libarch.a(up_doirq.o)
                              NuttX/nuttx/arch/arm/src/libarch.a(up_exception.o) (up_doirq)
NuttX/nuttx/arch/arm/src/libarch.a(up_hardfault.o)
                              NuttX/nuttx/arch/arm/src/libarch.a(stm32_irq.o) (up_hardfault)
NuttX/nuttx/arch/arm/src/libarch.a(up_svcall.o)
                              NuttX/nuttx/arch/arm/src/libarch.a(stm32_irq.o) (up_svcall)
NuttX/nuttx/arch/arm/src/libarch.a(up_checkstack.o)
                              NuttX/nuttx/arch/arm/src/libarch.a(up_assert.o) (up_check_tcbstack)
NuttX/nuttx/arch/arm/src/libarch.a(stm32_vectors.o)
                              NuttX/nuttx/arch/arm/src/libarch.a(up_assert.o) (g_idle_topstack)
NuttX/nuttx/libc/libc.a(arch_memcpy.o)
                              NuttX/nuttx/arch/arm/src/libarch.a(up_svcall.o) (memcpy)
NuttX/nuttx/libc/libc.a(sem_init.o)
                              NuttX/nuttx/arch/arm/src/libarch.a(stm32_dma.o) (sem_init)
NuttX/nuttx/libc/libc.a(lib_abort.o)
                              (abort)
NuttX/nuttx/libc/libc.a(lib_strcpy.o)
                              NuttX/nuttx/arch/arm/src/libarch.a(stm32_serial.o) (strcpy)
NuttX/nuttx/libc/libc.a(lib_syslog.o)
                              NuttX/nuttx/arch/arm/src/libarch.a(up_assert.o) (syslog)
NuttX/nuttx/libc/libc.a(lib_setlogmask.o)
                              NuttX/nuttx/libc/libc.a(lib_syslog.o) (g_syslog_mask)
NuttX/nuttx/libc/libc.a(lib_cfgetspeed.o)
                              NuttX/nuttx/arch/arm/src/libarch.a(stm32_serial.o) (cfgetspeed)
NuttX/nuttx/libc/libc.a(lib_cfsetspeed.o)
                              NuttX/nuttx/arch/arm/src/libarch.a(stm32_serial.o) (cfsetspeed)
NuttX/nuttx/drivers/libdrivers.a(serial.o)
                              NuttX/nuttx/arch/arm/src/libarch.a(stm32_serial.o) (uart_register)
NuttX/nuttx/drivers/libdrivers.a(serial_io.o)
                              NuttX/nuttx/arch/arm/src/libarch.a(stm32_serial.o) (uart_xmitchars)
NuttX/nuttx/drivers/libdrivers.a(vsyslog.o)
                              NuttX/nuttx/libc/libc.a(lib_syslog.o) (_vsyslog)
NuttX/nuttx/drivers/libdrivers.a(syslog_stream.o)
                              NuttX/nuttx/drivers/libdrivers.a(vsyslog.o) (syslogstream_create)
NuttX/nuttx/drivers/libdrivers.a(syslog_emergstream.o)
                              NuttX/nuttx/drivers/libdrivers.a(vsyslog.o) (emergstream)
NuttX/nuttx/drivers/libdrivers.a(syslog_putc.o)
                              NuttX/nuttx/drivers/libdrivers.a(syslog_stream.o) (syslog_putc)
NuttX/nuttx/drivers/libdrivers.a(syslog_force.o)
                              NuttX/nuttx/drivers/libdrivers.a(syslog_emergstream.o) (syslog_force)
NuttX/nuttx/drivers/libdrivers.a(syslog_channel.o)
                              NuttX/nuttx/drivers/libdrivers.a(syslog_putc.o) (g_syslog_channel)
NuttX/nuttx/fs/libfs.a(fs_registerdriver.o)
                              NuttX/nuttx/drivers/libdrivers.a(serial.o) (register_driver)
NuttX/nuttx/fs/libfs.a(fs_inode.o)
                              NuttX/nuttx/fs/libfs.a(fs_registerdriver.o) (inode_semtake)
NuttX/nuttx/fs/libfs.a(fs_inodereserve.o)
                              NuttX/nuttx/fs/libfs.a(fs_registerdriver.o) (inode_reserve)
NuttX/nuttx/fs/libfs.a(fs_inodesearch.o)
                              NuttX/nuttx/fs/libfs.a(fs_inodereserve.o) (inode_nextname)
NuttX/nuttx/mm/libmm.a(umm_zalloc.o)
[...]
Memory Configuration

Name             Origin             Length             Attributes
flash            0x08001000         0x0000f000         xr
sram             0x20000000         0x00002000         xrw
*default*        0x00000000         0xffffffff

Linker script and memory map

LOAD src/firmware/nuttx/CMakeFiles/nuttx_px4io-v2_default.elf.dir/__/__/platforms/empty.c.obj
START GROUP
LOAD msg/libuorb_msgs.a
LOAD src/drivers/boards/px4io-v2/libdrivers__boards__px4io-v2.a
LOAD src/drivers/stm32/libdrivers__stm32.a
LOAD src/lib/rc/liblib__rc.a
LOAD src/modules/px4iofirmware/libmodules__px4iofirmware.a
LOAD src/modules/systemlib/mixer/libmodules__systemlib__mixer.a
LOAD src/platforms/common/libplatforms__common.a
LOAD NuttX/apps/libapps.a
LOAD NuttX/nuttx/arch/arm/src/libarch.a
LOAD NuttX/nuttx/binfmt/libbinfmt.a
LOAD NuttX/nuttx/binfmt/libbinfmt.a
LOAD NuttX/nuttx/libc/libc.a
LOAD NuttX/nuttx/configs/libconfigs.a
LOAD NuttX/nuttx/libxx/libcxx.a
LOAD NuttX/nuttx/drivers/libdrivers.a
LOAD NuttX/nuttx/fs/libfs.a
LOAD NuttX/nuttx/mm/libmm.a
LOAD NuttX/nuttx/sched/libsched.a
END GROUP
LOAD /home/rablsa/gcc-arm-none-eabi-5_4-2016q2/bin/../lib/gcc/arm-none-eabi/5.4.1/../../../../arm-none-eabi/lib/armv7-m/libm.a
LOAD /home/rablsa/gcc-arm-none-eabi-5_4-2016q2/bin/../lib/gcc/arm-none-eabi/5.4.1/armv7-m/libgcc.a

.text           0x08001000     0xdcf0
                0x08001000                _stext = ABSOLUTE (.)
 *(.vectors)
 .vectors       0x08001000      0x134 NuttX/nuttx/arch/arm/src/libarch.a(up_vectors.o)
                0x08001000                _vectors
 *(.text .text.*)
 .text.go_os_start
                0x08001134       0x24 NuttX/nuttx/arch/arm/src/libarch.a(stm32_start.o)
 .text.__start  0x08001158       0x58 NuttX/nuttx/arch/arm/src/libarch.a(stm32_start.o)
                0x08001158                __start
 .text.stm32_clockconfig
                0x080011b0       0xe8 NuttX/nuttx/arch/arm/src/libarch.a(stm32_rcc.o)
                0x080011b0                stm32_clockconfig
 .text.stm32_gpioinit
                0x08001298       0x10 NuttX/nuttx/arch/arm/src/libarch.a(stm32_gpio.o)
                0x08001298                stm32_gpioinit
 .text.stm32_configgpio
                0x080012a8       0xd0 NuttX/nuttx/arch/arm/src/libarch.a(stm32_gpio.o)
                0x080012a8                stm32_configgpio
 .text.stm32_unconfiggpio
                0x08001378        0xc NuttX/nuttx/arch/arm/src/libarch.a(stm32_gpio.o)
                0x08001378                stm32_unconfiggpio
 .text.stm32_gpiowrite
                0x08001384       0x2c NuttX/nuttx/arch/arm/src/libarch.a(stm32_gpio.o)
                0x08001384                stm32_gpiowrite
 .text.stm32_gpioread
                0x080013b0       0x2c NuttX/nuttx/arch/arm/src/libarch.a(stm32_gpio.o)
                0x080013b0                stm32_gpioread
 .text.up_lowputc
                0x080013dc       0x18 NuttX/nuttx/arch/arm/src/libarch.a(stm32_lowputc.o)
                0x080013dc                up_lowputc
 .text.stm32_lowsetup
                0x080013f4       0x6c NuttX/nuttx/arch/arm/src/libarch.a(stm32_lowputc.o)
                0x080013f4                stm32_lowsetup
 .text.up_setusartint
                0x08001460       0x26 NuttX/nuttx/arch/arm/src/libarch.a(stm32_serial.o)
 .text.up_restoreusartint
                0x08001486       0x18 NuttX/nuttx/arch/arm/src/libarch.a(stm32_serial.o)
 .text.up_disableusartint
                0x0800149e       0x2e NuttX/nuttx/arch/arm/src/libarch.a(stm32_serial.o)
 .text.up_set_format
                0x080014cc       0x76 NuttX/nuttx/arch/arm/src/libarch.a(stm32_serial.o)
 .text.up_receive
                0x08001542       0x16 NuttX/nuttx/arch/arm/src/libarch.a(stm32_serial.o)
 .text.up_rxint
                0x08001558       0x2e NuttX/nuttx/arch/arm/src/libarch.a(stm32_serial.o)
 .text.up_rxavailable
                0x08001586        0xc NuttX/nuttx/arch/arm/src/libarch.a(stm32_serial.o)
 .text.up_dma_rxint
                0x08001592        0x8 NuttX/nuttx/arch/arm/src/libarch.a(stm32_serial.o)
 .text.up_send  0x0800159a        0x8 NuttX/nuttx/arch/arm/src/libarch.a(stm32_serial.o)
 .text.up_txready
                0x080015a2        0xc NuttX/nuttx/arch/arm/src/libarch.a(stm32_serial.o)
 .text.up_txint
                0x080015ae       0x3a NuttX/nuttx/arch/arm/src/libarch.a(stm32_serial.o)
 .text.up_dma_receive
                0x080015e8       0x28 NuttX/nuttx/arch/arm/src/libarch.a(stm32_serial.o)
 .text.up_ioctl
                0x08001610       0xd4 NuttX/nuttx/arch/arm/src/libarch.a(stm32_serial.o)
 .text.up_detach
                0x080016e4       0x1c NuttX/nuttx/arch/arm/src/libarch.a(stm32_serial.o)
 .text.up_attach
                0x08001700       0x20 NuttX/nuttx/arch/arm/src/libarch.a(stm32_serial.o)
 .text.up_interrupt.isra.0
                0x08001720       0x4e NuttX/nuttx/arch/arm/src/libarch.a(stm32_serial.o)
 *fill*         0x0800176e        0x2 
 .text.up_interrupt_usart1
                0x08001770        0xc NuttX/nuttx/arch/arm/src/libarch.a(stm32_serial.o)
 .text.up_interrupt_usart3
                0x0800177c        0xc NuttX/nuttx/arch/arm/src/libarch.a(stm32_serial.o)
 .text.up_interrupt_usart2
                0x08001788        0xc NuttX/nuttx/arch/arm/src/libarch.a(stm32_serial.o)
 .text.up_dma_rxavailable
                0x08001794       0x18 NuttX/nuttx/arch/arm/src/libarch.a(stm32_serial.o)
 .text.up_dma_rxcallback
                0x080017ac       0x1e NuttX/nuttx/arch/arm/src/libarch.a(stm32_serial.o)
 *fill*         0x080017ca        0x2 
 .text.up_shutdown
                0x080017cc       0x70 NuttX/nuttx/arch/arm/src/libarch.a(stm32_serial.o)
 .text.up_dma_shutdown
                0x0800183c       0x1a NuttX/nuttx/arch/arm/src/libarch.a(stm32_serial.o)
 *fill*         0x08001856        0x2 
 .text.up_setup
                0x08001858       0x98 NuttX/nuttx/arch/arm/src/libarch.a(stm32_serial.o)
 .text.up_dma_setup
                0x080018f0       0x50 NuttX/nuttx/arch/arm/src/libarch.a(stm32_serial.o)
 .text.up_earlyserialinit
                0x08001940       0x34 NuttX/nuttx/arch/arm/src/libarch.a(stm32_serial.o)
                0x08001940                up_earlyserialinit
 .text.up_serialinit
                0x08001974       0x60 NuttX/nuttx/arch/arm/src/libarch.a(stm32_serial.o)
                0x08001974                up_serialinit
 .text.stm32_serial_dma_poll
                0x080019d4       0x34 NuttX/nuttx/arch/arm/src/libarch.a(stm32_serial.o)
                0x080019d4                stm32_serial_dma_poll
 .text.up_putc  0x08001a08       0x34 NuttX/nuttx/arch/arm/src/libarch.a(stm32_serial.o)
                0x08001a08                up_putc
 .text.modifyreg32
                0x08001a3c       0x1e NuttX/nuttx/arch/arm/src/libarch.a(up_modifyreg32.o)
                0x08001a3c                modifyreg32
 .text          0x08001a5a       0x62 NuttX/nuttx/arch/arm/src/libarch.a(up_exception.o)
                0x08001a5a                exception_common
 .text.stm32_irqinfo
                0x08001abc       0x68 NuttX/nuttx/arch/arm/src/libarch.a(stm32_irq.o)
 .text.up_irqinitialize
                0x08001b24       0x84 NuttX/nuttx/arch/arm/src/libarch.a(stm32_irq.o)
                0x08001b24                up_irqinitialize
 .text.up_disable_irq
                0x08001ba8       0x24 NuttX/nuttx/arch/arm/src/libarch.a(stm32_irq.o)
                0x08001ba8                up_disable_irq
 .text.up_enable_irq
                0x08001bcc       0x22 NuttX/nuttx/arch/arm/src/libarch.a(stm32_irq.o)
                0x08001bcc                up_enable_irq
 .text.up_ack_irq
                0x08001bee        0x2 NuttX/nuttx/arch/arm/src/libarch.a(stm32_irq.o)
                0x08001bee                up_ack_irq
 .text.stm32_dmachandisable
                0x08001bf0       0x22 NuttX/nuttx/arch/arm/src/libarch.a(stm32_dma.o)
 *fill*         0x08001c12        0x2 
 .text.stm32_dmainterrupt
                0x08001c14       0x54 NuttX/nuttx/arch/arm/src/libarch.a(stm32_dma.o)
 .text.up_dmainitialize
                0x08001c68       0x3c NuttX/nuttx/arch/arm/src/libarch.a(stm32_dma.o)
                0x08001c68                up_dmainitialize
 .text.stm32_dmachannel
                0x08001ca4       0x30 NuttX/nuttx/arch/arm/src/libarch.a(stm32_dma.o)
                0x08001ca4                stm32_dmachannel
 .text.stm32_dmafree
                0x08001cd4        0x6 NuttX/nuttx/arch/arm/src/libarch.a(stm32_dma.o)
                0x08001cd4                stm32_dmafree
 .text.stm32_dmasetup
                0x08001cda       0x34 NuttX/nuttx/arch/arm/src/libarch.a(stm32_dma.o)
                0x08001cda                stm32_dmasetup
 .text.stm32_dmastart
                0x08001d0e       0x28 NuttX/nuttx/arch/arm/src/libarch.a(stm32_dma.o)
                0x08001d0e                stm32_dmastart
 .text.stm32_dmastop
                0x08001d36        0x4 NuttX/nuttx/arch/arm/src/libarch.a(stm32_dma.o)
                0x08001d36                stm32_dmastop
 .text.stm32_dmaresidual
                0x08001d3a        0x6 NuttX/nuttx/arch/arm/src/libarch.a(stm32_dma.o)
                0x08001d3a                stm32_dmaresidual
 .text.up_taskdump
                0x08001d40       0x30 NuttX/nuttx/arch/arm/src/libarch.a(up_assert.o)
 .text.up_assert
                0x08001d70      0x1c0 NuttX/nuttx/arch/arm/src/libarch.a(up_assert.o)
                0x08001d70                up_assert
 .text.up_doirq
                0x08001f30       0x24 NuttX/nuttx/arch/arm/src/libarch.a(up_doirq.o)
                0x08001f30                up_doirq
 .text.up_hardfault
                0x08001f54       0x34 NuttX/nuttx/arch/arm/src/libarch.a(up_hardfault.o)
                0x08001f54                up_hardfault
 .text.up_svcall
                0x08001f88       0x34 NuttX/nuttx/arch/arm/src/libarch.a(up_svcall.o)
                0x08001f88                up_svcall
 .text.up_check_tcbstack
                0x08001fbc       0x34 NuttX/nuttx/arch/arm/src/libarch.a(up_checkstack.o)
                0x08001fbc                up_check_tcbstack
 .text          0x08001ff0      0x230 NuttX/nuttx/libc/libc.a(arch_memcpy.o)
                0x08002010                memcpy
 .text.sem_init
                0x08002220       0x20 NuttX/nuttx/libc/libc.a(sem_init.o)
                0x08002220                sem_init
 .text.abort    0x08002240        0x8 NuttX/nuttx/libc/libc.a(lib_abort.o)
                0x08002240                abort
 .text.strcpy   0x08002248       0x10 NuttX/nuttx/libc/libc.a(lib_strcpy.o)
                0x08002248                strcpy
 .text.vsyslog  0x08002258       0x24 NuttX/nuttx/libc/libc.a(lib_syslog.o)
                0x08002258                vsyslog
 .text.syslog   0x0800227c       0x1a NuttX/nuttx/libc/libc.a(lib_syslog.o)
                0x0800227c                syslog
 .text.cfgetspeed
                0x08002296        0x4 NuttX/nuttx/libc/libc.a(lib_cfgetspeed.o)
                0x08002296                cfgetspeed
 .text.cfsetspeed
                0x0800229a        0x6 NuttX/nuttx/libc/libc.a(lib_cfsetspeed.o)
                0x0800229a                cfsetspeed
 .text.uart_takesem
                0x080022a0       0x30 NuttX/nuttx/drivers/libdrivers.a(serial.o)
 .text.uart_tcdrain
                0x080022d0       0x8a NuttX/nuttx/drivers/libdrivers.a(serial.o)
 .text.uart_ioctl
                0x0800235a      0x14e NuttX/nuttx/drivers/libdrivers.a(serial.o)
 .text.uart_putxmitchar
                0x080024a8       0x98 NuttX/nuttx/drivers/libdrivers.a(serial.o)
 .text.uart_read
                0x08002540       0xea NuttX/nuttx/drivers/libdrivers.a(serial.o)
 .text.uart_open
                0x0800262a       0x90 NuttX/nuttx/drivers/libdrivers.a(serial.o)
 .text.uart_close
                0x080026ba       0x8e NuttX/nuttx/drivers/libdrivers.a(serial.o)
 .text.uart_write
                0x08002748      0x102 NuttX/nuttx/drivers/libdrivers.a(serial.o)
 *fill*         0x0800284a        0x2 
 .text.uart_register
                0x0800284c       0x70 NuttX/nuttx/drivers/libdrivers.a(serial.o)
                0x0800284c                uart_register
 .text.uart_datareceived
                0x080028bc       0x10 NuttX/nuttx/drivers/libdrivers.a(serial.o)
                0x080028bc                uart_datareceived
 .text.uart_datasent
                0x080028cc       0x10 NuttX/nuttx/drivers/libdrivers.a(serial.o)
                0x080028cc                uart_datasent
 .text.uart_xmitchars
                0x080028dc       0x70 NuttX/nuttx/drivers/libdrivers.a(serial_io.o)
                0x080028dc                uart_xmitchars
 .text.uart_recvchars
                0x0800294c       0x66 NuttX/nuttx/drivers/libdrivers.a(serial_io.o)
                0x0800294c                uart_recvchars
 .text._vsyslog
                0x080029b2       0x26 NuttX/nuttx/drivers/libdrivers.a(vsyslog.o)
                0x080029b2                _vsyslog
 .text.syslogstream_putc
                0x080029d8       0x28 NuttX/nuttx/drivers/libdrivers.a(syslog_stream.o)
 .text.syslogstream_create
                0x08002a00       0x18 NuttX/nuttx/drivers/libdrivers.a(syslog_stream.o)
                0x08002a00                syslogstream_create
 .text.emergstream_putc
                0x08002a18       0x24 NuttX/nuttx/drivers/libdrivers.a(syslog_emergstream.o)
 .text.emergstream
                0x08002a3c       0x18 NuttX/nuttx/drivers/libdrivers.a(syslog_emergstream.o)
                0x08002a3c                emergstream
 .text.syslog_putc
                0x08002a54       0x2c NuttX/nuttx/drivers/libdrivers.a(syslog_putc.o)
                0x08002a54                syslog_putc
 .text.syslog_force
                0x08002a80        0xc NuttX/nuttx/drivers/libdrivers.a(syslog_force.o)
                0x08002a80                syslog_force
 .text.syslog_default_flush
                0x08002a8c        0x4 NuttX/nuttx/drivers/libdrivers.a(syslog_channel.o)
 .text.syslog_channel
                0x08002a90       0x14 NuttX/nuttx/drivers/libdrivers.a(syslog_channel.o)
                0x08002a90                syslog_channel
 .text.register_driver
                0x08002aa4       0x32 NuttX/nuttx/fs/libfs.a(fs_registerdriver.o)
                0x08002aa4                register_driver
 *fill*         0x08002ad6        0x2 
 .text.inode_initialize
                0x08002ad8       0x2c NuttX/nuttx/fs/libfs.a(fs_inode.o)
                0x08002ad8                inode_initialize
 .text.inode_semtake
                0x08002b04       0x48 NuttX/nuttx/fs/libfs.a(fs_inode.o)
                0x08002b04                inode_semtake
 .text.inode_semgive
                0x08002b4c       0x24 NuttX/nuttx/fs/libfs.a(fs_inode.o)
                0x08002b4c                inode_semgive
 .text.inode_alloc
                0x08002b70       0x3c NuttX/nuttx/fs/libfs.a(fs_inodereserve.o)
 .text.inode_reserve
                0x08002bac       0xb0 NuttX/nuttx/fs/libfs.a(fs_inodereserve.o)
                0x08002bac                inode_reserve
 .text.inode_nextname
                0x08002c5c       0x20 NuttX/nuttx/fs/libfs.a(fs_inodesearch.o)
                0x08002c5c                inode_nextname
 .text.inode_search
                0x08002c7c       0xb4 NuttX/nuttx/fs/libfs.a(fs_inodesearch.o)
                0x08002c7c                inode_search
 .text.zalloc   0x08002d30        0xc NuttX/nuttx/mm/libmm.a(umm_zalloc.o)
                0x08002d30                zalloc
 .text.mm_zalloc
                0x08002d3c       0x18 NuttX/nuttx/mm/libmm.a(mm_zalloc.o)
                0x08002d3c                mm_zalloc
 .text.mm_malloc
                0x08002d54       0x92 NuttX/nuttx/mm/libmm.a(mm_malloc.o)
                0x08002d54                mm_malloc
 .text.mm_seminitialize
                0x08002de6       0x18 NuttX/nuttx/mm/libmm.a(mm_sem.o)
                0x08002de6                mm_seminitialize
 .text.mm_trysemaphore
                0x08002dfe       0x32 NuttX/nuttx/mm/libmm.a(mm_sem.o)
                0x08002dfe                mm_trysemaphore
 .text.mm_takesemaphore
                0x08002e30       0x40 NuttX/nuttx/mm/libmm.a(mm_sem.o)
                0x08002e30                mm_takesemaphore
 .text.mm_givesemaphore
                0x08002e70       0x2c NuttX/nuttx/mm/libmm.a(mm_sem.o)
                0x08002e70                mm_givesemaphore
 .text.mm_addfreechunk
                0x08002e9c       0x36 NuttX/nuttx/mm/libmm.a(mm_addfreechunk.o)
                0x08002e9c                mm_addfreechunk
 .text.mm_size2ndx
                0x08002ed2       0x1a NuttX/nuttx/mm/libmm.a(mm_size2ndx.o)
                0x08002ed2                mm_size2ndx
 .text.get_errno_ptr
                0x08002eec       0x24 NuttX/nuttx/sched/libsched.a(errno_getptr.o)
                0x08002eec                get_errno_ptr
 .text.os_start
                0x08002f10      0x14c NuttX/nuttx/sched/libsched.a(os_start.o)
                0x08002f10                os_start
 .text.os_bringup
                0x0800305c       0x34 NuttX/nuttx/sched/libsched.a(os_bringup.o)
                0x0800305c                os_bringup
 .text.irq_attach
                0x08003090       0x4c NuttX/nuttx/sched/libsched.a(irq_attach.o)
                0x08003090                irq_attach
 .text.irq_dispatch
                0x080030dc       0x18 NuttX/nuttx/sched/libsched.a(irq_dispatch.o)
                0x080030dc                irq_dispatch
 .text.irq_unexpected_isr
                0x080030f4       0x18 NuttX/nuttx/sched/libsched.a(irq_unexpectedisr.o)
                0x080030f4                irq_unexpected_isr
 .text.sched_garbage_collection
                0x0800310c       0x30 NuttX/nuttx/sched/libsched.a(sched_garbage.o)
                0x0800310c                sched_garbage_collection
 .text.sched_have_garbage
                0x0800313c       0x10 NuttX/nuttx/sched/libsched.a(sched_garbage.o)
                0x0800313c                sched_have_garbage
 .text.sched_foreach
                0x0800314c       0x30 NuttX/nuttx/sched/libsched.a(sched_foreach.o)
                0x0800314c                sched_foreach
 .text.sched_idletask
                0x0800317c       0x18 NuttX/nuttx/sched/libsched.a(sched_idletask.o)
                0x0800317c                sched_idletask
 .text.sem_wait
                0x08003194       0x84 NuttX/nuttx/sched/libsched.a(sem_wait.o)
                0x08003194                sem_wait
 .text.sem_trywait
                0x08003218       0x50 NuttX/nuttx/sched/libsched.a(sem_trywait.o)
                0x08003218                sem_trywait
 .text.sem_post
                0x08003268       0x68 NuttX/nuttx/sched/libsched.a(sem_post.o)
                0x08003268                sem_post
 .text.sem_reset
                0x080032d0       0x42 NuttX/nuttx/sched/libsched.a(sem_reset.o)
                0x080032d0                sem_reset
 *fill*         0x08003312        0x2 
 .text.thread_create
                0x08003314       0xac NuttX/nuttx/sched/libsched.a(task_create.o)
 .text.task_create
                0x080033c0       0x16 NuttX/nuttx/sched/libsched.a(task_create.o)
                0x080033c0                task_create
 *fill*         0x080033d6        0x2 
 .text.task_schedsetup
                0x080033d8       0xb4 NuttX/nuttx/sched/libsched.a(task_setup.o)
                0x080033d8                task_schedsetup
 .text.task_argsetup
                0x0800348c       0xd0 NuttX/nuttx/sched/libsched.a(task_setup.o)
                0x0800348c                task_argsetup
 .text.task_activate
                0x0800355c       0x1a NuttX/nuttx/sched/libsched.a(task_activate.o)
                0x0800355c                task_activate
 *fill*         0x08003576        0x2 
 .text.task_start
                0x08003578       0x2c NuttX/nuttx/sched/libsched.a(task_start.o)
                0x08003578                task_start
 .text.getpid   0x080035a4       0x10 NuttX/nuttx/sched/libsched.a(task_getpid.o)
                0x080035a4                getpid
 .text.exit     0x080035b4       0x1c NuttX/nuttx/sched/libsched.a(exit.o)
                0x080035b4                exit
 .text.group_allocate
                0x080035d0       0x18 NuttX/nuttx/sched/libsched.a(group_create.o)
                0x080035d0                group_allocate
 .text.group_initialize
                0x080035e8        0xa NuttX/nuttx/sched/libsched.a(group_create.o)
                0x080035e8                group_initialize
 *fill*         0x080035f2        0x2 
 .text.group_setupidlefiles
                0x080035f4       0x38 NuttX/nuttx/sched/libsched.a(group_setupidlefiles.o)
                0x080035f4                group_setupidlefiles
 .text.group_setuptaskfiles
                0x0800362c        0xe NuttX/nuttx/sched/libsched.a(group_setuptaskfiles.o)
                0x0800362c                group_setuptaskfiles
 *fill*         0x0800363a        0x2 
 .text.irq_initialize
                0x0800363c       0x1c NuttX/nuttx/sched/libsched.a(irq_initialize.o)
                0x0800363c                irq_initialize
 .text.sched_releasetcb
                0x08003658       0x40 NuttX/nuttx/sched/libsched.a(sched_releasetcb.o)
                0x08003658                sched_releasetcb
 .text.sched_lock
                0x08003698       0x1c NuttX/nuttx/sched/libsched.a(sched_lock.o)
                0x08003698                sched_lock
 .text.sched_unlock
                0x080036b4       0x50 NuttX/nuttx/sched/libsched.a(sched_unlock.o)
                0x080036b4                sched_unlock
 .text.task_exithook
                0x08003704       0x1e NuttX/nuttx/sched/libsched.a(task_exithook.o)
                0x08003704                task_exithook
 .text.task_recover
                0x08003722       0x12 NuttX/nuttx/sched/libsched.a(task_recover.o)
                0x08003722                task_recover
 .text.wd_recover
                0x08003734       0x28 NuttX/nuttx/sched/libsched.a(wd_recover.o)
                0x08003734                wd_recover
 .text.group_leave
                0x0800375c       0x26 NuttX/nuttx/sched/libsched.a(group_leave.o)
                0x0800375c                group_leave
 *fill*         0x08003782        0x2 
 .text.sched_ufree
                0x08003784       0x40 NuttX/nuttx/sched/libsched.a(sched_free.o)
                0x08003784                sched_ufree
 .text.sem_recover
                0x080037c4       0x26 NuttX/nuttx/sched/libsched.a(sem_recover.o)
                0x080037c4                sem_recover
 *fill*         0x080037ea        0x2 
 .text.wd_cancel
                0x080037ec       0x70 NuttX/nuttx/sched/libsched.a(wd_cancel.o)
                0x080037ec                wd_cancel
 .text.wd_delete
                0x0800385c       0x54 NuttX/nuttx/sched/libsched.a(wd_delete.o)
                0x0800385c                wd_delete
 .text.wd_initialize
                0x080038b0       0x3c NuttX/nuttx/sched/libsched.a(wd_initialize.o)
                0x080038b0                wd_initialize
 .text.stm32_boardinitialize
                0x080038ec      0x110 src/drivers/boards/px4io-v2/libdrivers__boards__px4io-v2.a(px4io_init.c.obj)
                0x080038ec                stm32_boardinitialize
 .text.isr_debug
                0x080039fc       0x4c src/modules/px4iofirmware/libmodules__px4iofirmware.a(px4io.c.obj)
                0x080039fc                isr_debug
 .text.schedule_reboot
                0x08003a48       0x1c src/modules/px4iofirmware/libmodules__px4iofirmware.a(px4io.c.obj)
                0x08003a48                schedule_reboot
 .text.user_start
                0x08003a64      0x414 src/modules/px4iofirmware/libmodules__px4iofirmware.a(px4io.c.obj)
                0x08003a64                user_start
 .text.pwm_configure_rates
                0x08003e78       0x7c src/modules/px4iofirmware/libmodules__px4iofirmware.a(registers.c.obj)
 .text.registers_set
                0x08003ef4      0x54c src/modules/px4iofirmware/libmodules__px4iofirmware.a(registers.c.obj)
                0x08003ef4                registers_set
 .text.registers_get
                0x08004440      0x1a0 src/modules/px4iofirmware/libmodules__px4iofirmware.a(registers.c.obj)
                0x08004440                registers_get
 .text.safety_check_button
                0x080045e0      0x110 src/modules/px4iofirmware/libmodules__px4iofirmware.a(safety.c.obj)
 .text.failsafe_blink
                0x080046f0       0x38 src/modules/px4iofirmware/libmodules__px4iofirmware.a(safety.c.obj)
 .text.safety_init
                0x08004728       0x30 src/modules/px4iofirmware/libmodules__px4iofirmware.a(safety.c.obj)
                0x08004728                safety_init
 .text.failsafe_led_init
                0x08004758       0x30 src/modules/px4iofirmware/libmodules__px4iofirmware.a(safety.c.obj)
                0x08004758                failsafe_led_init
 .text.dma_reset
                0x08004788       0x6c src/modules/px4iofirmware/libmodules__px4iofirmware.a(serial.c.obj)
 .text.rx_dma_callback
                0x080047f4      0x158 src/modules/px4iofirmware/libmodules__px4iofirmware.a(serial.c.obj)
 .text.serial_interrupt
                0x0800494c       0xd0 src/modules/px4iofirmware/libmodules__px4iofirmware.a(serial.c.obj)
 .text.interface_init
                0x08004a1c       0xcc src/modules/px4iofirmware/libmodules__px4iofirmware.a(serial.c.obj)
                0x08004a1c                interface_init
 .text.perf_count
                0x08004ae8       0xe0 src/modules/px4iofirmware/libmodules__px4iofirmware.a(perf_counter.c.obj)
                0x08004ae8                perf_count
 .text.perf_begin
                0x08004bc8       0x16 src/modules/px4iofirmware/libmodules__px4iofirmware.a(perf_counter.c.obj)
                0x08004bc8                perf_begin
 *fill*         0x08004bde        0x2 
 .text.perf_end
                0x08004be0       0xb4 src/modules/px4iofirmware/libmodules__px4iofirmware.a(perf_counter.c.obj)
                0x08004be0                perf_end
 .text.pwm_limit_init
                0x08004c94        0xe src/modules/px4iofirmware/libmodules__px4iofirmware.a(pwm_limit.c.obj)
                0x08004c94                pwm_limit_init
 *fill*         0x08004ca2        0x2 
 .text.pwm_limit_calc
                0x08004ca4      0x218 src/modules/px4iofirmware/libmodules__px4iofirmware.a(pwm_limit.c.obj)
                0x08004ca4                pwm_limit_calc
 .text.adc_init
                0x08004ebc       0x88 src/modules/px4iofirmware/libmodules__px4iofirmware.a(adc.c.obj)
                0x08004ebc                adc_init
 .text.adc_measure
                0x08004f44       0x78 src/modules/px4iofirmware/libmodules__px4iofirmware.a(adc.c.obj)
                0x08004f44                adc_measure
 .text.controls_init
                0x08004fbc       0x90 src/modules/px4iofirmware/libmodules__px4iofirmware.a(controls.c.obj)
                0x08004fbc                controls_init
 .text.controls_tick
                0x0800504c      0x80c src/modules/px4iofirmware/libmodules__px4iofirmware.a(controls.c.obj)
                0x0800504c                controls_tick
 .text._ZL14mixer_callbackjhhRf
                0x08005858      0x1b4 src/modules/px4iofirmware/libmodules__px4iofirmware.a(mixer.cpp.obj)
 .text.mixer_handle_text_create_mixer
                0x08005a0c       0x94 src/modules/px4iofirmware/libmodules__px4iofirmware.a(mixer.cpp.obj)
                0x08005a0c                mixer_handle_text_create_mixer
 .text.mixer_handle_text
                0x08005aa0      0x138 src/modules/px4iofirmware/libmodules__px4iofirmware.a(mixer.cpp.obj)
                0x08005aa0                mixer_handle_text
 .text.startup._GLOBAL__sub_I_mixer_tick
                0x08005bd8       0x2c src/modules/px4iofirmware/libmodules__px4iofirmware.a(mixer.cpp.obj)
 .text._ZL20mixer_mix_threadsafePfPVt.constprop.3
                0x08005c04       0x40 src/modules/px4iofirmware/libmodules__px4iofirmware.a(mixer.cpp.obj)
 .text.mixer_set_failsafe
                0x08005c44      0x104 src/modules/px4iofirmware/libmodules__px4iofirmware.a(mixer.cpp.obj)
                0x08005c44                mixer_set_failsafe
 .text.mixer_tick
                0x08005d48      0x664 src/modules/px4iofirmware/libmodules__px4iofirmware.a(mixer.cpp.obj)
                0x08005d48                mixer_tick
 .text._ZN5Mixer22set_max_delta_out_onceEf
                0x080063ac        0x2 src/modules/systemlib/mixer/libmodules__systemlib__mixer.a(mixer_group.cpp.obj)
                0x080063ac                Mixer::set_max_delta_out_once(float)
 .text._ZN5Mixer17set_thrust_factorEf
                0x080063ae        0x2 src/modules/systemlib/mixer/libmodules__systemlib__mixer.a(mixer_group.cpp.obj)
                0x080063ae                Mixer::set_thrust_factor(float)
 .text._ZN10MixerGroup8set_trimEf
                0x080063b0        0x4 src/modules/systemlib/mixer/libmodules__systemlib__mixer.a(mixer_group.cpp.obj)
                0x080063b0                MixerGroup::set_trim(float)
 .text._ZN10MixerGroup3mixEPfj
                0x080063b4       0x28 src/modules/systemlib/mixer/libmodules__systemlib__mixer.a(mixer_group.cpp.obj)
                0x080063b4                MixerGroup::mix(float*, unsigned int)
 .text._ZN10MixerGroup17set_thrust_factorEf
                0x080063dc       0x18 src/modules/systemlib/mixer/libmodules__systemlib__mixer.a(mixer_group.cpp.obj)
                0x080063dc                MixerGroup::set_thrust_factor(float)
 .text._ZN10MixerGroup21get_saturation_statusEv
                0x080063f4       0x1c src/modules/systemlib/mixer/libmodules__systemlib__mixer.a(mixer_group.cpp.obj)
                0x080063f4                MixerGroup::get_saturation_status()
 .text._ZN10MixerGroup15groups_requiredERj
                0x08006410       0x18 src/modules/systemlib/mixer/libmodules__systemlib__mixer.a(mixer_group.cpp.obj)
                0x08006410                MixerGroup::groups_required(unsigned int&)
 .text._ZN10MixerGroup22set_max_delta_out_onceEf
                0x08006428       0x18 src/modules/systemlib/mixer/libmodules__systemlib__mixer.a(mixer_group.cpp.obj)
                0x08006428                MixerGroup::set_max_delta_out_once(float)
 .text._ZN10MixerGroupC2EPFijhhRfEj
                0x08006440       0x18 src/modules/systemlib/mixer/libmodules__systemlib__mixer.a(mixer_group.cpp.obj)
                0x08006440                MixerGroup::MixerGroup(int (*)(unsigned int, unsigned char, unsigned char, float&), unsigned int)
                0x08006440                MixerGroup::MixerGroup(int (*)(unsigned int, unsigned char, unsigned char, float&), unsigned int)
 .text._ZN10MixerGroup9add_mixerEP5Mixer
                0x08006458       0x14 src/modules/systemlib/mixer/libmodules__systemlib__mixer.a(mixer_group.cpp.obj)
                0x08006458                MixerGroup::add_mixer(Mixer*)
 .text._ZN10MixerGroup5resetEv
                0x0800646c       0x1a src/modules/systemlib/mixer/libmodules__systemlib__mixer.a(mixer_group.cpp.obj)
                0x0800646c                MixerGroup::reset()
 *fill*         0x08006486        0x2 
 .text._ZN10MixerGroupD2Ev
                0x08006488       0x14 src/modules/systemlib/mixer/libmodules__systemlib__mixer.a(mixer_group.cpp.obj)
                0x08006488                MixerGroup::~MixerGroup()
                0x08006488                MixerGroup::~MixerGroup()
 .text._ZN10MixerGroupD0Ev
                0x0800649c       0x12 src/modules/systemlib/mixer/libmodules__systemlib__mixer.a(mixer_group.cpp.obj)
                0x0800649c                MixerGroup::~MixerGroup()
 *fill*         0x080064ae        0x2 
 .text._ZN10MixerGroup9set_trimsEPsj
                0x080064b0       0x5c src/modules/systemlib/mixer/libmodules__systemlib__mixer.a(mixer_group.cpp.obj)
                0x080064b0                MixerGroup::set_trims(short*, unsigned int)
 .text._ZN10MixerGroup13load_from_bufEPKcRj
                0x0800650c       0x80 src/modules/systemlib/mixer/libmodules__systemlib__mixer.a(mixer_group.cpp.obj)
                0x0800650c                MixerGroup::load_from_buf(char const*, unsigned int&)
 .text._ZN15HelicopterMixer21get_saturation_statusEv
                0x0800658c        0x4 src/modules/systemlib/mixer/libmodules__systemlib__mixer.a(mixer_helicopter.cpp.obj)
                0x0800658c                HelicopterMixer::get_saturation_status()
 .text._ZN15HelicopterMixer8set_trimEf
                0x08006590        0x4 src/modules/systemlib/mixer/libmodules__systemlib__mixer.a(mixer_helicopter.cpp.obj)
                0x08006590                HelicopterMixer::set_trim(float)
 .text._ZN15HelicopterMixerD2Ev
                0x08006594        0x2 src/modules/systemlib/mixer/libmodules__systemlib__mixer.a(mixer_helicopter.cpp.obj)
                0x08006594                HelicopterMixer::~HelicopterMixer()
                0x08006594                HelicopterMixer::~HelicopterMixer()
 .text._ZN15HelicopterMixer15groups_requiredERj
                0x08006596        0xa src/modules/systemlib/mixer/libmodules__systemlib__mixer.a(mixer_helicopter.cpp.obj)
                0x08006596                HelicopterMixer::groups_required(unsigned int&)
 .text._ZN15HelicopterMixerD0Ev
                0x080065a0        0xc src/modules/systemlib/mixer/libmodules__systemlib__mixer.a(mixer_helicopter.cpp.obj)
                0x080065a0                HelicopterMixer::~HelicopterMixer()
 .text._ZN15HelicopterMixer3mixEPfj
                0x080065ac      0x1c8 src/modules/systemlib/mixer/libmodules__systemlib__mixer.a(mixer_helicopter.cpp.obj)
                0x080065ac                HelicopterMixer::mix(float*, unsigned int)
 .text._ZN15HelicopterMixerC2EPFijhhRfEjP12mixer_heli_s
                0x08006774       0x24 src/modules/systemlib/mixer/libmodules__systemlib__mixer.a(mixer_helicopter.cpp.obj)
                0x08006774                HelicopterMixer::HelicopterMixer(int (*)(unsigned int, unsigned char, unsigned char, float&), unsigned int, mixer_heli_s*)
                0x08006774                HelicopterMixer::HelicopterMixer(int (*)(unsigned int, unsigned char, unsigned char, float&), unsigned int, mixer_heli_s*)
 .text._ZN15HelicopterMixer9from_textEPFijhhRfEjPKcRj
                0x08006798      0x20c src/modules/systemlib/mixer/libmodules__systemlib__mixer.a(mixer_helicopter.cpp.obj)
                0x08006798                HelicopterMixer::from_text(int (*)(unsigned int, unsigned char, unsigned char, float&), unsigned int, char const*, unsigned int&)
 .text._ZN15MultirotorMixer22set_max_delta_out_onceEf
                0x080069a4        0x4 src/modules/systemlib/mixer/libmodules__systemlib__mixer.a(mixer_multirotor.cpp.obj)
                0x080069a4                MultirotorMixer::set_max_delta_out_once(float)
 .text._ZN15MultirotorMixer8set_trimEf
                0x080069a8        0x4 src/modules/systemlib/mixer/libmodules__systemlib__mixer.a(mixer_multirotor.cpp.obj)
                0x080069a8                MultirotorMixer::set_trim(float)
 .text._ZN15MultirotorMixer17set_thrust_factorEf
                0x080069ac        0x4 src/modules/systemlib/mixer/libmodules__systemlib__mixer.a(mixer_multirotor.cpp.obj)
                0x080069ac                MultirotorMixer::set_thrust_factor(float)
 .text._ZN15MultirotorMixer15groups_requiredERj
                0x080069b0        0xa src/modules/systemlib/mixer/libmodules__systemlib__mixer.a(mixer_multirotor.cpp.obj)
                0x080069b0                MultirotorMixer::groups_required(unsigned int&)
 .text._ZN15MultirotorMixer21get_saturation_statusEv
                0x080069ba        0x4 src/modules/systemlib/mixer/libmodules__systemlib__mixer.a(mixer_multirotor.cpp.obj)
                0x080069ba                MultirotorMixer::get_saturation_status()
 *fill*         0x080069be        0x2 
 .text._ZN15MultirotorMixerD2Ev
                0x080069c0       0x18 src/modules/systemlib/mixer/libmodules__systemlib__mixer.a(mixer_multirotor.cpp.obj)
                0x080069c0                MultirotorMixer::~MultirotorMixer()
                0x080069c0                MultirotorMixer::~MultirotorMixer()
 .text._ZN15MultirotorMixerD0Ev
                0x080069d8       0x12 src/modules/systemlib/mixer/libmodules__systemlib__mixer.a(mixer_multirotor.cpp.obj)
                0x080069d8                MultirotorMixer::~MultirotorMixer()
 *fill*         0x080069ea        0x2 
 .text._ZN15MultirotorMixerC2EPFijhhRfEj18MultirotorGeometryffff
                0x080069ec       0x7c src/modules/systemlib/mixer/libmodules__systemlib__mixer.a(mixer_multirotor.cpp.obj)
                0x080069ec                MultirotorMixer::MultirotorMixer(int (*)(unsigned int, unsigned char, unsigned char, float&), unsigned int, MultirotorGeometry, float, float, float, float)
                0x080069ec                MultirotorMixer::MultirotorMixer(int (*)(unsigned int, unsigned char, unsigned char, float&), unsigned int, MultirotorGeometry, float, float, float, float)
 .text._ZN15MultirotorMixer9from_textEPFijhhRfEjPKcRj
                0x08006a68      0x208 src/modules/systemlib/mixer/libmodules__systemlib__mixer.a(mixer_multirotor.cpp.obj)
                0x08006a68                MultirotorMixer::from_text(int (*)(unsigned int, unsigned char, unsigned char, float&), unsigned int, char const*, unsigned int&)
 .text._ZN15MultirotorMixer24update_saturation_statusEjbb
                0x08006c70      0x15a src/modules/systemlib/mixer/libmodules__systemlib__mixer.a(mixer_multirotor.cpp.obj)
                0x08006c70                MultirotorMixer::update_saturation_status(unsigned int, bool, bool)
 *fill*         0x08006dca        0x2 
 .text._ZN15MultirotorMixer3mixEPfj
                0x08006dcc      0x750 src/modules/systemlib/mixer/libmodules__systemlib__mixer.a(mixer_multirotor.cpp.obj)
                0x08006dcc                MultirotorMixer::mix(float*, unsigned int)
 .text._ZN11SimpleMixer8set_trimEf
                0x0800751c        0x8 src/modules/systemlib/mixer/libmodules__systemlib__mixer.a(mixer_simple.cpp.obj)
                0x0800751c                SimpleMixer::set_trim(float)
 .text._ZN11SimpleMixer21get_saturation_statusEv
                0x08007524        0x4 src/modules/systemlib/mixer/libmodules__systemlib__mixer.a(mixer_simple.cpp.obj)
                0x08007524                SimpleMixer::get_saturation_status()
 .text._ZN11SimpleMixer15groups_requiredERj
                0x08007528       0x26 src/modules/systemlib/mixer/libmodules__systemlib__mixer.a(mixer_simple.cpp.obj)
                0x08007528                SimpleMixer::groups_required(unsigned int&)
 *fill*         0x0800754e        0x2 
 .text._ZN11SimpleMixerD2Ev
                0x08007550       0x18 src/modules/systemlib/mixer/libmodules__systemlib__mixer.a(mixer_simple.cpp.obj)
                0x08007550                SimpleMixer::~SimpleMixer()
                0x08007550                SimpleMixer::~SimpleMixer()
 .text._ZN11SimpleMixerD0Ev
                0x08007568       0x12 src/modules/systemlib/mixer/libmodules__systemlib__mixer.a(mixer_simple.cpp.obj)
                0x08007568                SimpleMixer::~SimpleMixer()
 .text._ZN11SimpleMixer3mixEPfj
                0x0800757a       0x68 src/modules/systemlib/mixer/libmodules__systemlib__mixer.a(mixer_simple.cpp.obj)
                0x0800757a                SimpleMixer::mix(float*, unsigned int)
 *fill*         0x080075e2        0x2 
 .text._ZN11SimpleMixer19parse_output_scalerEPKcRjR14mixer_scaler_s
                0x080075e4       0xa4 src/modules/systemlib/mixer/libmodules__systemlib__mixer.a(mixer_simple.cpp.obj)
                0x080075e4                SimpleMixer::parse_output_scaler(char const*, unsigned int&, mixer_scaler_s&)
 .text._ZN11SimpleMixer20parse_control_scalerEPKcRjR14mixer_scaler_sRhS5_
                0x08007688       0xac src/modules/systemlib/mixer/libmodules__systemlib__mixer.a(mixer_simple.cpp.obj)
                0x08007688                SimpleMixer::parse_control_scaler(char const*, unsigned int&, mixer_scaler_s&, unsigned char&, unsigned char&)
 .text._ZN11SimpleMixer9from_textEPFijhhRfEjPKcRj
                0x08007734       0xc4 src/modules/systemlib/mixer/libmodules__systemlib__mixer.a(mixer_simple.cpp.obj)
                0x08007734                SimpleMixer::from_text(int (*)(unsigned int, unsigned char, unsigned char, float&), unsigned int, char const*, unsigned int&)
 .text._ZN9NullMixerD2Ev
                0x080077f8        0x2 src/modules/systemlib/mixer/libmodules__systemlib__mixer.a(mixer.cpp.obj)
                0x080077f8                NullMixer::~NullMixer()
                0x080077f8                NullMixer::~NullMixer()
 .text._ZN9NullMixer10set_offsetEf
                0x080077fa        0x2 src/modules/systemlib/mixer/libmodules__systemlib__mixer.a(mixer.cpp.obj)
                0x080077fa                NullMixer::set_offset(float)
 .text._ZN9NullMixer8set_trimEf
                0x080077fc        0x4 src/modules/systemlib/mixer/libmodules__systemlib__mixer.a(mixer.cpp.obj)
                0x080077fc                NullMixer::set_trim(float)
 .text._ZN9NullMixer3mixEPfj
                0x08007800        0xe src/modules/systemlib/mixer/libmodules__systemlib__mixer.a(mixer.cpp.obj)
                0x08007800                NullMixer::mix(float*, unsigned int)
 .text._ZN9NullMixer21get_saturation_statusEv
                0x0800780e        0x4 src/modules/systemlib/mixer/libmodules__systemlib__mixer.a(mixer.cpp.obj)
                0x0800780e                NullMixer::get_saturation_status()
 .text._ZN9NullMixer15groups_requiredERj
                0x08007812        0x2 src/modules/systemlib/mixer/libmodules__systemlib__mixer.a(mixer.cpp.obj)
                0x08007812                NullMixer::groups_required(unsigned int&)
 .text._ZN9NullMixerD0Ev
                0x08007814        0xc src/modules/systemlib/mixer/libmodules__systemlib__mixer.a(mixer.cpp.obj)
                0x08007814                NullMixer::~NullMixer()
 .text._ZN5MixerC2EPFijhhRfEj
                0x08007820       0x14 src/modules/systemlib/mixer/libmodules__systemlib__mixer.a(mixer.cpp.obj)
                0x08007820                Mixer::Mixer(int (*)(unsigned int, unsigned char, unsigned char, float&), unsigned int)
                0x08007820                Mixer::Mixer(int (*)(unsigned int, unsigned char, unsigned char, float&), unsigned int)
 .text._ZN5Mixer11get_controlEhh
                0x08007834       0x10 src/modules/systemlib/mixer/libmodules__systemlib__mixer.a(mixer.cpp.obj)
                0x08007834                Mixer::get_control(unsigned char, unsigned char)
 .text._ZN5Mixer5scaleERK14mixer_scaler_sf
                0x08007844       0x44 src/modules/systemlib/mixer/libmodules__systemlib__mixer.a(mixer.cpp.obj)
                0x08007844                Mixer::scale(mixer_scaler_s const&, float)
 .text._ZN5Mixer7findtagEPKcRjc
                0x08007888       0x26 src/modules/systemlib/mixer/libmodules__systemlib__mixer.a(mixer.cpp.obj)
                0x08007888                Mixer::findtag(char const*, unsigned int&, char)
 .text._ZN5Mixer8skiplineEPKcRj
                0x080078ae       0x2a src/modules/systemlib/mixer/libmodules__systemlib__mixer.a(mixer.cpp.obj)
                0x080078ae                Mixer::skipline(char const*, unsigned int&)
 .text._ZN5Mixer18string_well_formedEPKcRj
                0x080078d8       0x20 src/modules/systemlib/mixer/libmodules__systemlib__mixer.a(mixer.cpp.obj)
                0x080078d8                Mixer::string_well_formed(char const*, unsigned int&)
 .text._ZN9NullMixerC2Ev
                0x080078f8       0x14 src/modules/systemlib/mixer/libmodules__systemlib__mixer.a(mixer.cpp.obj)
                0x080078f8                NullMixer::NullMixer()
                0x080078f8                NullMixer::NullMixer()
 .text._ZN9NullMixer9from_textEPKcRj
                0x0800790c       0x3a src/modules/systemlib/mixer/libmodules__systemlib__mixer.a(mixer.cpp.obj)
                0x0800790c                NullMixer::from_text(char const*, unsigned int&)
 *fill*         0x08007946        0x2 
 .text.up_cxxinitialize
                0x08007948       0x30 NuttX/apps/libapps.a(gnu_cxxinitialize.o)
                0x08007948                up_cxxinitialize
 .text.up_allocate_heap
                0x08007978       0x14 NuttX/nuttx/arch/arm/src/libarch.a(stm32_allocateheap.o)
                0x08007978                up_allocate_heap
 .text.up_idle  0x0800798c        0x2 NuttX/nuttx/arch/arm/src/libarch.a(stm32_idle.o)
                0x0800798c                up_idle
 *fill*         0x0800798e        0x2 
 .text.up_block_task
                0x08007990       0x74 NuttX/nuttx/arch/arm/src/libarch.a(up_blocktask.o)
                0x08007990                up_block_task
 .text.up_copyfullstate
                0x08007a04       0x18 NuttX/nuttx/arch/arm/src/libarch.a(up_copyfullstate.o)
                0x08007a04                up_copyfullstate
 .text.up_stack_color
                0x08007a1c       0x28 NuttX/nuttx/arch/arm/src/libarch.a(up_createstack.o)
                0x08007a1c                up_stack_color
 .text.up_create_stack
                0x08007a44       0x46 NuttX/nuttx/arch/arm/src/libarch.a(up_createstack.o)
                0x08007a44                up_create_stack
 .text.up_mdelay
                0x08007a8a       0x2a NuttX/nuttx/arch/arm/src/libarch.a(up_mdelay.o)
                0x08007a8a                up_mdelay
 .text.up_udelay
                0x08007ab4       0x72 NuttX/nuttx/arch/arm/src/libarch.a(up_udelay.o)
                0x08007ab4                up_udelay
 *fill*         0x08007b26        0x2 
 .text._exit    0x08007b28       0x20 NuttX/nuttx/arch/arm/src/libarch.a(up_exit.o)
                0x08007b28                _exit
 .text.up_initialize
                0x08007b48       0x30 NuttX/nuttx/arch/arm/src/libarch.a(up_initialize.o)
                0x08007b48                up_initialize
 .text.up_initial_state
                0x08007b78       0x2e NuttX/nuttx/arch/arm/src/libarch.a(up_initialstate.o)
                0x08007b78                up_initial_state
 *fill*         0x08007ba6        0x2 
 .text.up_interrupt_context
                0x08007ba8       0x10 NuttX/nuttx/arch/arm/src/libarch.a(up_interruptcontext.o)
                0x08007ba8                up_interrupt_context
 .text.up_release_pending
                0x08007bb8       0x38 NuttX/nuttx/arch/arm/src/libarch.a(up_releasepending.o)
                0x08007bb8                up_release_pending
 .text.up_release_stack
                0x08007bf0       0x16 NuttX/nuttx/arch/arm/src/libarch.a(up_releasestack.o)
                0x08007bf0                up_release_stack
 .text.up_stack_frame
                0x08007c06       0x26 NuttX/nuttx/arch/arm/src/libarch.a(up_stackframe.o)
                0x08007c06                up_stack_frame
 .text.up_systemreset
                0x08007c2c       0x1c NuttX/nuttx/arch/arm/src/libarch.a(up_systemreset.o)
                0x08007c2c                up_systemreset
 .text.up_unblock_task
                0x08007c48       0x54 NuttX/nuttx/arch/arm/src/libarch.a(up_unblocktask.o)
                0x08007c48                up_unblock_task
 .text          0x08007c9c        0xa NuttX/nuttx/arch/arm/src/libarch.a(up_fullcontextrestore.o)
                0x08007c9c                up_fullcontextrestore
 .text          0x08007ca6        0xc NuttX/nuttx/arch/arm/src/libarch.a(up_switchcontext.o)
                0x08007ca6                up_switchcontext
 .text.stm32_timerisr
                0x08007cb2        0xa NuttX/nuttx/arch/arm/src/libarch.a(stm32_timerisr.o)
 .text.arm_timer_initialize
                0x08007cbc       0x44 NuttX/nuttx/arch/arm/src/libarch.a(stm32_timerisr.o)
                0x08007cbc                arm_timer_initialize
 .text.crc32part
                0x08007d00       0x24 NuttX/nuttx/libc/libc.a(lib_crc32.o)
                0x08007d00                crc32part
 .text.sq_addlast
                0x08007d24       0x14 NuttX/nuttx/libc/libc.a(sq_addlast.o)
                0x08007d24                sq_addlast
 .text.sq_addfirst
                0x08007d38        0xe NuttX/nuttx/libc/libc.a(sq_addfirst.o)
                0x08007d38                sq_addfirst
 .text.sq_rem   0x08007d46       0x2c NuttX/nuttx/libc/libc.a(sq_rem.o)
                0x08007d46                sq_rem
 .text.sq_remfirst
                0x08007d72       0x14 NuttX/nuttx/libc/libc.a(sq_remfirst.o)
                0x08007d72                sq_remfirst
 .text.sq_remafter
                0x08007d86       0x22 NuttX/nuttx/libc/libc.a(sq_remafter.o)
                0x08007d86                sq_remafter
 .text.dq_addfirst
                0x08007da8       0x18 NuttX/nuttx/libc/libc.a(dq_addfirst.o)
                0x08007da8                dq_addfirst
 .text.dq_rem   0x08007dc0       0x1c NuttX/nuttx/libc/libc.a(dq_rem.o)
                0x08007dc0                dq_rem
 .text.sem_setprotocol
                0x08007ddc       0x22 NuttX/nuttx/libc/libc.a(sem_setprotocol.o)
                0x08007ddc                sem_setprotocol
 .text.printf   0x08007dfe       0x1c NuttX/nuttx/libc/libc.a(lib_printf.o)
                0x08007dfe                printf
 .text.vsnprintf
                0x08007e1a       0x2a NuttX/nuttx/libc/libc.a(lib_vsnprintf.o)
                0x08007e1a                vsnprintf
 .text.utodec   0x08007e44       0x24 NuttX/nuttx/libc/libc.a(lib_libvsprintf.o)
 .text.utooct   0x08007e68       0x1e NuttX/nuttx/libc/libc.a(lib_libvsprintf.o)
 .text.utobin   0x08007e86       0x1e NuttX/nuttx/libc/libc.a(lib_libvsprintf.o)
 .text.prejustify
                0x08007ea4       0x8c NuttX/nuttx/libc/libc.a(lib_libvsprintf.o)
 .text.utohex   0x08007f30       0x4a NuttX/nuttx/libc/libc.a(lib_libvsprintf.o)
 .text.utoascii
                0x08007f7a       0x8c NuttX/nuttx/libc/libc.a(lib_libvsprintf.o)
 *fill*         0x08008006        0x2 
 .text.lib_vsprintf
                0x08008008      0x27c NuttX/nuttx/libc/libc.a(lib_libvsprintf.o)
                0x08008008                lib_vsprintf
 .text.memoutstream_putc
                0x08008284       0x1a NuttX/nuttx/libc/libc.a(lib_memoutstream.o)
 *fill*         0x0800829e        0x2 
 .text.lib_memoutstream
                0x080082a0       0x20 NuttX/nuttx/libc/libc.a(lib_memoutstream.o)
                0x080082a0                lib_memoutstream
 .text.nulloutstream_putc
                0x080082c0        0x8 NuttX/nuttx/libc/libc.a(lib_nulloutstream.o)
 .text.lib_nulloutstream
                0x080082c8       0x18 NuttX/nuttx/libc/libc.a(lib_nulloutstream.o)
                0x080082c8                lib_nulloutstream
 .text.isspace  0x080082e0       0x14 NuttX/nuttx/libc/libc.a(lib_sscanf.o)
 .text.vsscanf  0x080082f4      0x31c NuttX/nuttx/libc/libc.a(lib_sscanf.o)
                0x080082f4                vsscanf
 .text.sscanf   0x08008610       0x1a NuttX/nuttx/libc/libc.a(lib_sscanf.o)
                0x08008610                sscanf
 .text.lib_noflush
                0x0800862a        0x4 NuttX/nuttx/libc/libc.a(lib_libnoflush.o)
                0x0800862a                lib_noflush
 .text.strtol   0x0800862e       0x64 NuttX/nuttx/libc/libc.a(lib_strtol.o)
                0x0800862e                strtol
 .text.strtoul  0x08008692       0x66 NuttX/nuttx/libc/libc.a(lib_strtoul.o)
                0x08008692                strtoul
 .text.lib_checkbase
                0x080086f8       0x5e NuttX/nuttx/libc/libc.a(lib_checkbase.o)
                0x080086f8                lib_checkbase
 .text.lib_isbasedigit
                0x08008756       0x4e NuttX/nuttx/libc/libc.a(lib_isbasedigit.o)
                0x08008756                lib_isbasedigit
 .text.memset   0x080087a4       0x10 NuttX/nuttx/libc/libc.a(lib_memset.o)
                0x080087a4                memset
 .text.memchr   0x080087b4       0x1c NuttX/nuttx/libc/libc.a(lib_memchr.o)
                0x080087b4                memchr
 .text.memmove  0x080087d0       0x30 NuttX/nuttx/libc/libc.a(lib_memmove.o)
                0x080087d0                memmove
 .text.lib_skipspace
                0x08008800       0x16 NuttX/nuttx/libc/libc.a(lib_skipspace.o)
                0x08008800                lib_skipspace
 .text.strchr   0x08008816       0x16 NuttX/nuttx/libc/libc.a(lib_strchr.o)
                0x08008816                strchr
 .text.strcmp   0x0800882c       0x16 NuttX/nuttx/libc/libc.a(lib_strcmp.o)
                0x0800882c                strcmp
 .text.strcspn  0x08008842       0x1e NuttX/nuttx/libc/libc.a(lib_strcspn.o)
                0x08008842                strcspn
 .text.strlen   0x08008860       0x10 NuttX/nuttx/libc/libc.a(lib_strlen.o)
                0x08008860                strlen
 .text.strnlen  0x08008870       0x18 NuttX/nuttx/libc/libc.a(lib_strnlen.o)
                0x08008870                strnlen
 .text.strncpy  0x08008888       0x22 NuttX/nuttx/libc/libc.a(lib_strncpy.o)
                0x08008888                strncpy
 *fill*         0x080088aa        0x2 
 .text.__cxa_pure_virtual
                0x080088ac       0x10 NuttX/nuttx/libxx/libcxx.a(libxx_cxapurevirtual.o)
                0x080088ac                __cxa_pure_virtual
 .text.__aeabi_atexit
                0x080088bc        0xa NuttX/nuttx/libxx/libcxx.a(libxx_eabi_atexit.o)
                0x080088bc                __aeabi_atexit
 .text.__cxa_atexit
                0x080088c6        0x4 NuttX/nuttx/libxx/libcxx.a(libxx_cxa_atexit.o)
                0x080088c6                __cxa_atexit
 .text._ZdlPv   0x080088ca        0x4 NuttX/nuttx/libxx/libcxx.a(libxx_delete.o)
                0x080088ca                operator delete(void*)
 .text._ZdaPv   0x080088ce        0x4 NuttX/nuttx/libxx/libcxx.a(libxx_deletea.o)
                0x080088ce                operator delete[](void*)
 .text._Znwj    0x080088d2        0xa NuttX/nuttx/libxx/libcxx.a(libxx_new.o)
                0x080088d2                operator new(unsigned int)
 .text._Znaj    0x080088dc        0xa NuttX/nuttx/libxx/libcxx.a(libxx_newa.o)
                0x080088dc                operator new[](unsigned int)
 .text.syslog_initialize
                0x080088e6        0xc NuttX/nuttx/drivers/libdrivers.a(syslog_initialize.o)
                0x080088e6                syslog_initialize
 *fill*         0x080088f2        0x2 
 .text.syslog_console_channel
                0x080088f4       0x28 NuttX/nuttx/drivers/libdrivers.a(syslog_consolechannel.o)
                0x080088f4                syslog_console_channel
 .text.syslog_dev_takesem
                0x0800891c       0x38 NuttX/nuttx/drivers/libdrivers.a(syslog_device.o)
 .text.syslog_dev_initialize
                0x08008954       0x7c NuttX/nuttx/drivers/libdrivers.a(syslog_device.o)
                0x08008954                syslog_dev_initialize
 .text.syslog_dev_outputready
                0x080089d0       0x64 NuttX/nuttx/drivers/libdrivers.a(syslog_device.o)
 .text.syslog_dev_putc
                0x08008a34       0x68 NuttX/nuttx/drivers/libdrivers.a(syslog_device.o)
                0x08008a34                syslog_dev_putc
 .text.syslog_dev_flush
                0x08008a9c        0x4 NuttX/nuttx/drivers/libdrivers.a(syslog_device.o)
                0x08008a9c                syslog_dev_flush
 .text.fs_initialize
                0x08008aa0        0x4 NuttX/nuttx/fs/libfs.a(fs_initialize.o)
                0x08008aa0                fs_initialize
 .text._files_close
                0x08008aa4       0x2a NuttX/nuttx/fs/libfs.a(fs_files.o)
 *fill*         0x08008ace        0x2 
 .text._files_semtake
                0x08008ad0       0x24 NuttX/nuttx/fs/libfs.a(fs_files.o)
 .text.files_initialize
                0x08008af4        0x2 NuttX/nuttx/fs/libfs.a(fs_files.o)
                0x08008af4                files_initialize
 .text.files_initlist
                0x08008af6        0x8 NuttX/nuttx/fs/libfs.a(fs_files.o)
                0x08008af6                files_initlist
 .text.files_releaselist
                0x08008afe       0x20 NuttX/nuttx/fs/libfs.a(fs_files.o)
                0x08008afe                files_releaselist
 .text.file_dup2
                0x08008b1e       0x86 NuttX/nuttx/fs/libfs.a(fs_files.o)
                0x08008b1e                file_dup2
 .text.files_allocate
                0x08008ba4       0x52 NuttX/nuttx/fs/libfs.a(fs_files.o)
                0x08008ba4                files_allocate
 .text.files_close
                0x08008bf6       0x32 NuttX/nuttx/fs/libfs.a(fs_files.o)
                0x08008bf6                files_close
 .text.files_release
                0x08008c28       0x2a NuttX/nuttx/fs/libfs.a(fs_files.o)
                0x08008c28                files_release
 .text.inode_addref
                0x08008c52       0x1a NuttX/nuttx/fs/libfs.a(fs_inodeaddref.o)
                0x08008c52                inode_addref
 .text.inode_release
                0x08008c6c       0x3a NuttX/nuttx/fs/libfs.a(fs_inoderelease.o)
                0x08008c6c                inode_release
 .text.file_detach
                0x08008ca6       0x54 NuttX/nuttx/fs/libfs.a(fs_filedetach.o)
                0x08008ca6                file_detach
 .text.close    0x08008cfa       0x24 NuttX/nuttx/fs/libfs.a(fs_close.o)
                0x08008cfa                close
 .text.dup2     0x08008d1e       0x3e NuttX/nuttx/fs/libfs.a(fs_dupfd2.o)
                0x08008d1e                dup2
 .text.fs_getfilep
                0x08008d5c       0x26 NuttX/nuttx/fs/libfs.a(fs_getfilep.o)
                0x08008d5c                fs_getfilep
 .text.inode_checkflags
                0x08008d82       0x28 NuttX/nuttx/fs/libfs.a(fs_open.o)
                0x08008d82                inode_checkflags
 .text.open     0x08008daa       0x8c NuttX/nuttx/fs/libfs.a(fs_open.o)
                0x08008daa                open
 .text.file_write
                0x08008e36       0x2c NuttX/nuttx/fs/libfs.a(fs_write.o)
                0x08008e36                file_write
 .text.write    0x08008e62       0x30 NuttX/nuttx/fs/libfs.a(fs_write.o)
                0x08008e62                write
 .text.inode_find
                0x08008e92       0x22 NuttX/nuttx/fs/libfs.a(fs_inodefind.o)
                0x08008e92                inode_find
 .text.inode_free
                0x08008eb4       0x1e NuttX/nuttx/fs/libfs.a(fs_inodefree.o)
                0x08008eb4                inode_free
 *fill*         0x08008ed2        0x2 
 .text.umm_initialize
                0x08008ed4       0x10 NuttX/nuttx/mm/libmm.a(umm_initialize.o)
                0x08008ed4                umm_initialize
 .text.umm_trysemaphore
                0x08008ee4        0xc NuttX/nuttx/mm/libmm.a(umm_sem.o)
                0x08008ee4                umm_trysemaphore
 .text.umm_givesemaphore
                0x08008ef0        0xc NuttX/nuttx/mm/libmm.a(umm_sem.o)
                0x08008ef0                umm_givesemaphore
 .text.free     0x08008efc        0xc NuttX/nuttx/mm/libmm.a(umm_free.o)
                0x08008efc                free
 .text.mallinfo
                0x08008f08       0x24 NuttX/nuttx/mm/libmm.a(umm_mallinfo.o)
                0x08008f08                mallinfo
 .text.malloc   0x08008f2c        0xc NuttX/nuttx/mm/libmm.a(umm_malloc.o)
                0x08008f2c                malloc
 .text.mm_addregion
                0x08008f38       0x50 NuttX/nuttx/mm/libmm.a(mm_initialize.o)
                0x08008f38                mm_addregion
 .text.mm_initialize
                0x08008f88       0x40 NuttX/nuttx/mm/libmm.a(mm_initialize.o)
                0x08008f88                mm_initialize
 .text.mm_free  0x08008fc8       0xa4 NuttX/nuttx/mm/libmm.a(mm_free.o)
                0x08008fc8                mm_free
 .text.mm_mallinfo
                0x0800906c       0x56 NuttX/nuttx/mm/libmm.a(mm_mallinfo.o)
                0x0800906c                mm_mallinfo
 *fill*         0x080090c2        0x2 
 .text.sched_getfiles
                0x080090c4       0x10 NuttX/nuttx/sched/libsched.a(sched_getfiles.o)
                0x080090c4                sched_getfiles
 .text.sched_addreadytorun
                0x080090d4       0x4c NuttX/nuttx/sched/libsched.a(sched_addreadytorun.o)
                0x080090d4                sched_addreadytorun
 .text.sched_removereadytorun
                0x08009120       0x28 NuttX/nuttx/sched/libsched.a(sched_removereadytorun.o)
                0x08009120                sched_removereadytorun
 .text.sched_addprioritized
                0x08009148       0x58 NuttX/nuttx/sched/libsched.a(sched_addprioritized.o)
                0x08009148                sched_addprioritized
 .text.sched_mergepending
                0x080091a0       0x68 NuttX/nuttx/sched/libsched.a(sched_mergepending.o)
                0x080091a0                sched_mergepending
 .text.sched_addblocked
                0x08009208       0x28 NuttX/nuttx/sched/libsched.a(sched_addblocked.o)
                0x08009208                sched_addblocked
 .text.sched_removeblocked
                0x08009230       0x1c NuttX/nuttx/sched/libsched.a(sched_removeblocked.o)
                0x08009230                sched_removeblocked
 .text.sched_process_timer
                0x0800924c       0x18 NuttX/nuttx/sched/libsched.a(sched_processtimer.o)
                0x0800924c                sched_process_timer
 .text.sem_destroy
                0x08009264       0x22 NuttX/nuttx/sched/libsched.a(sem_destroy.o)
                0x08009264                sem_destroy
 *fill*         0x08009286        0x2 
 .text.task_exit
                0x08009288       0x4c NuttX/nuttx/sched/libsched.a(task_exit.o)
                0x08009288                task_exit
 .text.task_terminate
                0x080092d4       0x54 NuttX/nuttx/sched/libsched.a(task_terminate.o)
                0x080092d4                task_terminate
 .text.wd_timer
                0x08009328       0x68 NuttX/nuttx/sched/libsched.a(wd_start.o)
                0x08009328                wd_timer
 .text.sched_gettcb
                0x08009390       0x24 NuttX/nuttx/sched/libsched.a(sched_gettcb.o)
                0x08009390                sched_gettcb
 .text.hrt_absolute_time
                0x080093b4       0x4c src/drivers/stm32/libdrivers__stm32.a(drv_hrt.c.obj)
                0x080093b4                hrt_absolute_time
 .text.hrt_call_reschedule
                0x08009400       0x58 src/drivers/stm32/libdrivers__stm32.a(drv_hrt.c.obj)
 .text.hrt_call_enter
                0x08009458       0x4c src/drivers/stm32/libdrivers__stm32.a(drv_hrt.c.obj)
 .text.hrt_call_internal
                0x080094a4       0x4c src/drivers/stm32/libdrivers__stm32.a(drv_hrt.c.obj)
 .text.hrt_tim_isr
                0x080094f0      0x1e8 src/drivers/stm32/libdrivers__stm32.a(drv_hrt.c.obj)
 .text.hrt_elapsed_time
                0x080096d8       0x24 src/drivers/stm32/libdrivers__stm32.a(drv_hrt.c.obj)
                0x080096d8                hrt_elapsed_time
 .text.hrt_init
                0x080096fc       0x84 src/drivers/stm32/libdrivers__stm32.a(drv_hrt.c.obj)
                0x080096fc                hrt_init
 .text.hrt_call_every
                0x08009780       0x32 src/drivers/stm32/libdrivers__stm32.a(drv_hrt.c.obj)
                0x08009780                hrt_call_every
 .text.up_pwm_servo_set
                0x080097b2        0x4 src/drivers/stm32/libdrivers__stm32.a(drv_pwm_servo.c.obj)
                0x080097b2                up_pwm_servo_set
 .text.up_pwm_servo_init
                0x080097b6       0x74 src/drivers/stm32/libdrivers__stm32.a(drv_pwm_servo.c.obj)
                0x080097b6                up_pwm_servo_init
 *fill*         0x0800982a        0x2 
 .text.up_pwm_servo_set_rate_group_update
                0x0800982c       0x30 src/drivers/stm32/libdrivers__stm32.a(drv_pwm_servo.c.obj)
                0x0800982c                up_pwm_servo_set_rate_group_update
 .text.up_pwm_update
                0x0800985c        0x4 src/drivers/stm32/libdrivers__stm32.a(drv_pwm_servo.c.obj)
                0x0800985c                up_pwm_update
 .text.up_pwm_servo_get_rate_group
                0x08009860       0x20 src/drivers/stm32/libdrivers__stm32.a(drv_pwm_servo.c.obj)
                0x08009860                up_pwm_servo_get_rate_group
 .text.up_pwm_servo_arm
                0x08009880       0x1a src/drivers/stm32/libdrivers__stm32.a(drv_pwm_servo.c.obj)
                0x08009880                up_pwm_servo_arm
 *fill*         0x0800989a        0x2 
 .text.get_timer_channels
                0x0800989c       0x48 src/drivers/stm32/libdrivers__stm32.a(drv_io_timer.c.obj)
 .text.io_timer_handler0
                0x080098e4        0x4 src/drivers/stm32/libdrivers__stm32.a(drv_io_timer.c.obj)
                0x080098e4                io_timer_handler0
 .text.io_timer_handler1
                0x080098e8        0x4 src/drivers/stm32/libdrivers__stm32.a(drv_io_timer.c.obj)
                0x080098e8                io_timer_handler1
 .text.io_timer_handler2
                0x080098ec        0x4 src/drivers/stm32/libdrivers__stm32.a(drv_io_timer.c.obj)
                0x080098ec                io_timer_handler2
 .text.io_timer_validate_channel_index
                0x080098f0       0x3c src/drivers/stm32/libdrivers__stm32.a(drv_io_timer.c.obj)
                0x080098f0                io_timer_validate_channel_index
 .text.io_timer_is_channel_free
                0x0800992c       0x20 src/drivers/stm32/libdrivers__stm32.a(drv_io_timer.c.obj)
                0x0800992c                io_timer_is_channel_free
 .text.io_timer_get_mode_channels
                0x0800994c       0x10 src/drivers/stm32/libdrivers__stm32.a(drv_io_timer.c.obj)
                0x0800994c                io_timer_get_mode_channels
 .text.io_timer_get_channel_mode
                0x0800995c       0x24 src/drivers/stm32/libdrivers__stm32.a(drv_io_timer.c.obj)
                0x0800995c                io_timer_get_channel_mode
 .text.io_timer_trigger
                0x08009980       0x74 src/drivers/stm32/libdrivers__stm32.a(drv_io_timer.c.obj)
                0x08009980                io_timer_trigger
 .text.io_timer_init_timer
                0x080099f4       0xb0 src/drivers/stm32/libdrivers__stm32.a(drv_io_timer.c.obj)
                0x080099f4                io_timer_init_timer
 .text.io_timer_set_rate
                0x08009aa4       0xb4 src/drivers/stm32/libdrivers__stm32.a(drv_io_timer.c.obj)
                0x08009aa4                io_timer_set_rate
 .text.io_timer_channel_init
                0x08009b58      0x108 src/drivers/stm32/libdrivers__stm32.a(drv_io_timer.c.obj)
                0x08009b58                io_timer_channel_init
 .text.io_timer_set_enable
                0x08009c60      0x1a4 src/drivers/stm32/libdrivers__stm32.a(drv_io_timer.c.obj)
                0x08009c60                io_timer_set_enable
 .text.io_timer_free_channel
                0x08009e04       0x50 src/drivers/stm32/libdrivers__stm32.a(drv_io_timer.c.obj)
                0x08009e04                io_timer_free_channel
 .text.io_timer_set_ccr
                0x08009e54       0x44 src/drivers/stm32/libdrivers__stm32.a(drv_io_timer.c.obj)
                0x08009e54                io_timer_set_ccr
 .text.io_timer_get_group
                0x08009e98        0x4 src/drivers/stm32/libdrivers__stm32.a(drv_io_timer.c.obj)
                0x08009e98                io_timer_get_group
 .text.st24_common_crc8
                0x08009e9c       0x3a src/lib/rc/liblib__rc.a(st24.cpp.obj)
                0x08009e9c                st24_common_crc8
 *fill*         0x08009ed6        0x2 
 .text.st24_decode
                0x08009ed8      0x21c src/lib/rc/liblib__rc.a(st24.cpp.obj)
                0x08009ed8                st24_decode
 .text.sumd_crc16
                0x0800a0f4       0x20 src/lib/rc/liblib__rc.a(sumd.cpp.obj)
                0x0800a0f4                sumd_crc16
 .text.sumd_decode
                0x0800a114      0x390 src/lib/rc/liblib__rc.a(sumd.cpp.obj)
                0x0800a114                sumd_decode
 .text.sbus_config
                0x0800a4a4       0x64 src/lib/rc/liblib__rc.a(sbus.cpp.obj)
                0x0800a4a4                sbus_config
 .text.sbus_init
                0x0800a508       0x1e src/lib/rc/liblib__rc.a(sbus.cpp.obj)
                0x0800a508                sbus_init
 *fill*         0x0800a526        0x2 
 .text.sbus1_output
                0x0800a528       0xfc src/lib/rc/liblib__rc.a(sbus.cpp.obj)
                0x0800a528                sbus1_output
 .text.sbus2_output
                0x0800a624        0x4 src/lib/rc/liblib__rc.a(sbus.cpp.obj)
                0x0800a624                sbus2_output
 .text.sbus_parse
                0x0800a628      0x2c0 src/lib/rc/liblib__rc.a(sbus.cpp.obj)
                0x0800a628                sbus_parse
 .text.sbus_input
                0x0800a8e8       0x50 src/lib/rc/liblib__rc.a(sbus.cpp.obj)
                0x0800a8e8                sbus_input
 .text.sbus1_set_output_rate_hz
                0x0800a938       0x28 src/lib/rc/liblib__rc.a(sbus.cpp.obj)
                0x0800a938                sbus1_set_output_rate_hz
 .text._ZL16dsm_guess_formatb
                0x0800a960       0xe4 src/lib/rc/liblib__rc.a(dsm.cpp.obj)
 .text.dsm_config
                0x0800aa44       0x68 src/lib/rc/liblib__rc.a(dsm.cpp.obj)
                0x0800aa44                dsm_config
 .text.dsm_proto_init
                0x0800aaac       0x38 src/lib/rc/liblib__rc.a(dsm.cpp.obj)
                0x0800aaac                dsm_proto_init
 .text.dsm_init
                0x0800aae4       0x30 src/lib/rc/liblib__rc.a(dsm.cpp.obj)
                0x0800aae4                dsm_init
 .text.dsm_bind
                0x0800ab14       0x80 src/lib/rc/liblib__rc.a(dsm.cpp.obj)
                0x0800ab14                dsm_bind
 .text.dsm_parse
                0x0800ab94      0x21c src/lib/rc/liblib__rc.a(dsm.cpp.obj)
                0x0800ab94                dsm_parse
 .text.dsm_input
                0x0800adb0       0x5c src/lib/rc/liblib__rc.a(dsm.cpp.obj)
                0x0800adb0                dsm_input
 .text.sq_addafter
                0x0800ae0c       0x1c NuttX/nuttx/libc/libc.a(sq_addafter.o)
                0x0800ae0c                sq_addafter
 .text.dq_addlast
                0x0800ae28       0x18 NuttX/nuttx/libc/libc.a(dq_addlast.o)
                0x0800ae28                dq_addlast
 .text.strdup   0x0800ae40       0x1c NuttX/nuttx/libc/libc.a(lib_strdup.o)
                0x0800ae40                strdup
 .text.tcgetattr
                0x0800ae5c        0xa NuttX/nuttx/libc/libc.a(lib_tcgetattr.o)
                0x0800ae5c                tcgetattr
 .text.tcsetattr
                0x0800ae66       0x10 NuttX/nuttx/libc/libc.a(lib_tcsetattr.o)
                0x0800ae66                tcsetattr
 .text.file_ioctl
                0x0800ae76       0x2a NuttX/nuttx/fs/libfs.a(fs_ioctl.o)
                0x0800ae76                file_ioctl
 .text.ioctl    0x0800aea0       0x2c NuttX/nuttx/fs/libfs.a(fs_ioctl.o)
                0x0800aea0                ioctl
 .text.file_read
                0x0800aecc       0x38 NuttX/nuttx/fs/libfs.a(fs_read.o)
                0x0800aecc                file_read
 .text.read     0x0800af04       0x2c NuttX/nuttx/fs/libfs.a(fs_read.o)
                0x0800af04                read
 .text.cosf     0x0800af30       0x78 /home/rablsa/gcc-arm-none-eabi-5_4-2016q2/bin/../lib/gcc/arm-none-eabi/5.4.1/../../../../arm-none-eabi/lib/armv7-m/libm.a(lib_a-sf_cos.o)
                0x0800af30                cosf
 .text.floorf   0x0800afa8       0x8c /home/rablsa/gcc-arm-none-eabi-5_4-2016q2/bin/../lib/gcc/arm-none-eabi/5.4.1/../../../../arm-none-eabi/lib/armv7-m/libm.a(lib_a-sf_floor.o)
                0x0800afa8                floorf
 .text.fmaxf    0x0800b034       0x28 /home/rablsa/gcc-arm-none-eabi-5_4-2016q2/bin/../lib/gcc/arm-none-eabi/5.4.1/../../../../arm-none-eabi/lib/armv7-m/libm.a(lib_a-sf_fmax.o)
                0x0800b034                fmaxf
 .text.fminf    0x0800b05c       0x28 /home/rablsa/gcc-arm-none-eabi-5_4-2016q2/bin/../lib/gcc/arm-none-eabi/5.4.1/../../../../arm-none-eabi/lib/armv7-m/libm.a(lib_a-sf_fmin.o)
                0x0800b05c                fminf
 .text.__fpclassifyf
                0x0800b084       0x34 /home/rablsa/gcc-arm-none-eabi-5_4-2016q2/bin/../lib/gcc/arm-none-eabi/5.4.1/../../../../arm-none-eabi/lib/armv7-m/libm.a(lib_a-sf_fpclassify.o)
                0x0800b084                __fpclassifyf
 .text.sinf     0x0800b0b8       0x7c /home/rablsa/gcc-arm-none-eabi-5_4-2016q2/bin/../lib/gcc/arm-none-eabi/5.4.1/../../../../arm-none-eabi/lib/armv7-m/libm.a(lib_a-sf_sin.o)
                0x0800b0b8                sinf
 .text.sqrtf    0x0800b134       0x9c /home/rablsa/gcc-arm-none-eabi-5_4-2016q2/bin/../lib/gcc/arm-none-eabi/5.4.1/../../../../arm-none-eabi/lib/armv7-m/libm.a(lib_a-wf_sqrt.o)
                0x0800b134                sqrtf
 .text.__ieee754_rem_pio2f
                0x0800b1d0      0x2e4 /home/rablsa/gcc-arm-none-eabi-5_4-2016q2/bin/../lib/gcc/arm-none-eabi/5.4.1/../../../../arm-none-eabi/lib/armv7-m/libm.a(lib_a-ef_rem_pio2.o)
                0x0800b1d0                __ieee754_rem_pio2f
 .text.__ieee754_sqrtf
                0x0800b4b4       0xa8 /home/rablsa/gcc-arm-none-eabi-5_4-2016q2/bin/../lib/gcc/arm-none-eabi/5.4.1/../../../../arm-none-eabi/lib/armv7-m/libm.a(lib_a-ef_sqrt.o)
                0x0800b4b4                __ieee754_sqrtf
 .text.__kernel_cosf
                0x0800b55c      0x188 /home/rablsa/gcc-arm-none-eabi-5_4-2016q2/bin/../lib/gcc/arm-none-eabi/5.4.1/../../../../arm-none-eabi/lib/armv7-m/libm.a(lib_a-kf_cos.o)
                0x0800b55c                __kernel_cosf
 .text.__kernel_rem_pio2f
                0x0800b6e4      0x6a0 /home/rablsa/gcc-arm-none-eabi-5_4-2016q2/bin/../lib/gcc/arm-none-eabi/5.4.1/../../../../arm-none-eabi/lib/armv7-m/libm.a(lib_a-kf_rem_pio2.o)
                0x0800b6e4                __kernel_rem_pio2f
 .text.__kernel_sinf
                0x0800bd84       0xec /home/rablsa/gcc-arm-none-eabi-5_4-2016q2/bin/../lib/gcc/arm-none-eabi/5.4.1/../../../../arm-none-eabi/lib/armv7-m/libm.a(lib_a-kf_sin.o)
                0x0800bd84                __kernel_sinf
 .text.matherr  0x0800be70        0x4 /home/rablsa/gcc-arm-none-eabi-5_4-2016q2/bin/../lib/gcc/arm-none-eabi/5.4.1/../../../../arm-none-eabi/lib/armv7-m/libm.a(lib_a-s_matherr.o)
                0x0800be70                matherr
 .text.fabsf    0x0800be74        0x8 /home/rablsa/gcc-arm-none-eabi-5_4-2016q2/bin/../lib/gcc/arm-none-eabi/5.4.1/../../../../arm-none-eabi/lib/armv7-m/libm.a(lib_a-sf_fabs.o)
                0x0800be74                fabsf
 .text.scalbnf  0x0800be7c       0xb0 /home/rablsa/gcc-arm-none-eabi-5_4-2016q2/bin/../lib/gcc/arm-none-eabi/5.4.1/../../../../arm-none-eabi/lib/armv7-m/libm.a(lib_a-sf_scalbn.o)
                0x0800be7c                scalbnf
 .text.copysignf
                0x0800bf2c        0xc /home/rablsa/gcc-arm-none-eabi-5_4-2016q2/bin/../lib/gcc/arm-none-eabi/5.4.1/../../../../arm-none-eabi/lib/armv7-m/libm.a(lib_a-sf_copysign.o)
                0x0800bf2c                copysignf
 .text          0x0800bf38      0x370 /home/rablsa/gcc-arm-none-eabi-5_4-2016q2/bin/../lib/gcc/arm-none-eabi/5.4.1/armv7-m/libgcc.a(_arm_addsubdf3.o)
                0x0800bf38                __aeabi_drsub
                0x0800bf40                __aeabi_dsub
                0x0800bf40                __subdf3
                0x0800bf44                __adddf3
                0x0800bf44                __aeabi_dadd
                0x0800c1bc                __aeabi_ui2d
                0x0800c1bc                __floatunsidf
                0x0800c1dc                __floatsidf
                0x0800c1dc                __aeabi_i2d
                0x0800c200                __extendsfdf2
                0x0800c200                __aeabi_f2d
                0x0800c23c                __aeabi_ul2d
                0x0800c23c                __floatundidf
                0x0800c24c                __floatdidf
                0x0800c24c                __aeabi_l2d
 .text          0x0800c2a8      0x424 /home/rablsa/gcc-arm-none-eabi-5_4-2016q2/bin/../lib/gcc/arm-none-eabi/5.4.1/armv7-m/libgcc.a(_arm_muldivdf3.o)
                0x0800c2a8                __aeabi_dmul
                0x0800c2a8                __muldf3
                0x0800c4fc                __aeabi_ddiv
                0x0800c4fc                __divdf3
 .text          0x0800c6cc       0xa0 /home/rablsa/gcc-arm-none-eabi-5_4-2016q2/bin/../lib/gcc/arm-none-eabi/5.4.1/armv7-m/libgcc.a(_arm_truncdfsf2.o)
                0x0800c6cc                __aeabi_d2f
                0x0800c6cc                __truncdfsf2
 .text          0x0800c76c      0x21c /home/rablsa/gcc-arm-none-eabi-5_4-2016q2/bin/../lib/gcc/arm-none-eabi/5.4.1/armv7-m/libgcc.a(_arm_addsubsf3.o)
                0x0800c76c                __aeabi_frsub
                0x0800c774                __subsf3
                0x0800c774                __aeabi_fsub
                0x0800c778                __aeabi_fadd
                0x0800c778                __addsf3
                0x0800c8d8                __aeabi_ui2f
                0x0800c8d8                __floatunsisf
                0x0800c8e0                __aeabi_i2f
                0x0800c8e0                __floatsisf
                0x0800c8fc                __floatundisf
                0x0800c8fc                __aeabi_ul2f
                0x0800c90c                __floatdisf
                0x0800c90c                __aeabi_l2f
 .text          0x0800c988      0x2a0 /home/rablsa/gcc-arm-none-eabi-5_4-2016q2/bin/../lib/gcc/arm-none-eabi/5.4.1/armv7-m/libgcc.a(_arm_muldivsf3.o)
                0x0800c988                __mulsf3
                0x0800c988                __aeabi_fmul
                0x0800caf0                __divsf3
                0x0800caf0                __aeabi_fdiv
 .text          0x0800cc28       0xec /home/rablsa/gcc-arm-none-eabi-5_4-2016q2/bin/../lib/gcc/arm-none-eabi/5.4.1/armv7-m/libgcc.a(_arm_cmpsf2.o)
                0x0800cc28                __gtsf2
                0x0800cc28                __gesf2
                0x0800cc30                __lesf2
                0x0800cc30                __ltsf2
                0x0800cc38                __nesf2
                0x0800cc38                __eqsf2
                0x0800cc38                __cmpsf2
                0x0800cc98                __aeabi_cfrcmple
                0x0800cca0                __aeabi_cfcmple
                0x0800cca0                __aeabi_cfcmpeq
                0x0800ccb0                __aeabi_fcmpeq
                0x0800ccc4                __aeabi_fcmplt
                0x0800ccd8                __aeabi_fcmple
                0x0800ccec                __aeabi_fcmpge
                0x0800cd00                __aeabi_fcmpgt
 .text          0x0800cd14       0x2c /home/rablsa/gcc-arm-none-eabi-5_4-2016q2/bin/../lib/gcc/arm-none-eabi/5.4.1/armv7-m/libgcc.a(_arm_unordsf2.o)
                0x0800cd14                __aeabi_fcmpun
                0x0800cd14                __unordsf2
 .text          0x0800cd40       0x4c /home/rablsa/gcc-arm-none-eabi-5_4-2016q2/bin/../lib/gcc/arm-none-eabi/5.4.1/armv7-m/libgcc.a(_arm_fixsfsi.o)
                0x0800cd40                __fixsfsi
                0x0800cd40                __aeabi_f2iz
 .text          0x0800cd8c       0x40 /home/rablsa/gcc-arm-none-eabi-5_4-2016q2/bin/../lib/gcc/arm-none-eabi/5.4.1/armv7-m/libgcc.a(_arm_fixunssfsi.o)
                0x0800cd8c                __aeabi_f2uiz
                0x0800cd8c                __fixunssfsi
 .text          0x0800cdcc       0x30 /home/rablsa/gcc-arm-none-eabi-5_4-2016q2/bin/../lib/gcc/arm-none-eabi/5.4.1/armv7-m/libgcc.a(_aeabi_uldivmod.o)
                0x0800cdcc                __aeabi_uldivmod
 .text          0x0800cdfc      0x2ec /home/rablsa/gcc-arm-none-eabi-5_4-2016q2/bin/../lib/gcc/arm-none-eabi/5.4.1/armv7-m/libgcc.a(_udivmoddi4.o)
                0x0800cdfc                __udivmoddi4
 .text          0x0800d0e8        0x4 /home/rablsa/gcc-arm-none-eabi-5_4-2016q2/bin/../lib/gcc/arm-none-eabi/5.4.1/armv7-m/libgcc.a(_dvmd_tls.o)
                0x0800d0e8                __aeabi_ldiv0
                0x0800d0e8                __aeabi_idiv0
 *(.fixup)
 *(.gnu.warning)
 *(.rodata .rodata.*)
 .rodata.g_gpiobase
                0x0800d0ec       0x10 NuttX/nuttx/arch/arm/src/libarch.a(stm32_gpio.o)
                0x0800d0ec                g_gpiobase
 .rodata.str1.1
                0x0800d0fc       0x23 NuttX/nuttx/arch/arm/src/libarch.a(stm32_serial.o)
 *fill*         0x0800d11f        0x1 
 .rodata.uart_devs
                0x0800d120        0xc NuttX/nuttx/arch/arm/src/libarch.a(stm32_serial.o)
 .rodata.g_uart_ops
                0x0800d12c       0x30 NuttX/nuttx/arch/arm/src/libarch.a(stm32_serial.o)
 .rodata.g_uart_dma_ops
                0x0800d15c       0x30 NuttX/nuttx/arch/arm/src/libarch.a(stm32_serial.o)
 .rodata.str1.1
                0x0800d18c       0x17 NuttX/nuttx/arch/arm/src/libarch.a(stm32_dma.o)
 .rodata.__FUNCTION__.6679
                0x0800d1a3        0xa NuttX/nuttx/arch/arm/src/libarch.a(up_assert.o)
 .rodata.__FUNCTION__.6644
                0x0800d1ad        0xd NuttX/nuttx/arch/arm/src/libarch.a(up_assert.o)
 .rodata.str1.1
                0x0800d1ba      0x1c4 NuttX/nuttx/arch/arm/src/libarch.a(up_assert.o)
 .rodata.__FUNCTION__.6652
                0x0800d37e        0xc NuttX/nuttx/arch/arm/src/libarch.a(up_assert.o)
 .rodata.__FUNCTION__.6659
                0x0800d38a       0x10 NuttX/nuttx/arch/arm/src/libarch.a(up_assert.o)
 .rodata.__FUNCTION__.6667
                0x0800d39a        0xd NuttX/nuttx/arch/arm/src/libarch.a(up_assert.o)
 .rodata.__FUNCTION__.5480
                0x0800d3a7        0xd NuttX/nuttx/arch/arm/src/libarch.a(up_hardfault.o)
 .rodata.str1.1
                0x0800d3b4       0x36 NuttX/nuttx/arch/arm/src/libarch.a(up_hardfault.o)
 .rodata        0x0800d3ea        0x4 NuttX/nuttx/arch/arm/src/libarch.a(stm32_vectors.o)
                0x0800d3ea                g_idle_topstack
 .rodata.str1.1
                0x0800d3ee       0x10 NuttX/nuttx/drivers/libdrivers.a(serial.o)
 *fill*         0x0800d3fe        0x2 
 .rodata.g_serialops
                0x0800d400       0x18 NuttX/nuttx/drivers/libdrivers.a(serial.o)
 .rodata.g_default_channel
                0x0800d418        0xc NuttX/nuttx/drivers/libdrivers.a(syslog_channel.o)
                0x0800d418                g_default_channel
 .rodata.str1.1
                0x0800d424       0x11 NuttX/nuttx/fs/libfs.a(fs_inode.o)
 .rodata.str1.1
                0x0800d435       0x11 NuttX/nuttx/mm/libmm.a(mm_sem.o)
 *fill*         0x0800d446        0x2 
 .rodata.g_tasklisttable
                0x0800d448       0x30 NuttX/nuttx/sched/libsched.a(os_start.o)
                0x0800d448                g_tasklisttable
 .rodata.str1.1
                0x0800d478       0x17 NuttX/nuttx/sched/libsched.a(os_bringup.o)
 .rodata.str1.1
                0x0800d48f       0x11 NuttX/nuttx/sched/libsched.a(irq_attach.o)
 .rodata.str1.1
                0x0800d4a0       0x18 NuttX/nuttx/sched/libsched.a(irq_unexpectedisr.o)
 .rodata.str1.1
                0x0800d4b8       0x15 NuttX/nuttx/sched/libsched.a(sem_wait.o)
 .rodata.str1.1
                0x0800d4cd       0x15 NuttX/nuttx/sched/libsched.a(sem_post.o)
 .rodata.g_noname
                0x0800d4e2        0x9 NuttX/nuttx/sched/libsched.a(task_setup.o)
 .rodata.str1.1
                0x0800d4eb        0xd NuttX/nuttx/sched/libsched.a(group_setupidlefiles.o)
 .rodata.str1.1
                0x0800d4eb       0x11 NuttX/nuttx/sched/libsched.a(wd_cancel.o)
 .rodata.str1.1
                0x0800d4fc       0x5f src/modules/px4iofirmware/libmodules__px4iofirmware.a(px4io.c.obj)
                                 0x63 (size before relaxing)
 *fill*         0x0800d55b        0x1 
 .rodata.r_page_config
                0x0800d55c       0x12 src/modules/px4iofirmware/libmodules__px4iofirmware.a(registers.c.obj)
 .rodata.str1.1
                0x0800d56e       0x33 src/modules/px4iofirmware/libmodules__px4iofirmware.a(registers.c.obj)
 .rodata.crc8_tab
                0x0800d5a1      0x100 src/modules/px4iofirmware/libmodules__px4iofirmware.a(serial.c.obj)
 .rodata.str1.1
                0x0800d6a1        0xb src/modules/px4iofirmware/libmodules__px4iofirmware.a(controls.c.obj)
                                 0x16 (size before relaxing)
 .rodata.str1.1
                0x0800d6ac       0x58 src/modules/px4iofirmware/libmodules__px4iofirmware.a(mixer.cpp.obj)
 .rodata._ZTV10MixerGroup
                0x0800d704       0x28 src/modules/systemlib/mixer/libmodules__systemlib__mixer.a(mixer_group.cpp.obj)
                0x0800d704                vtable for MixerGroup
 .rodata._ZTV15HelicopterMixer
                0x0800d72c       0x28 src/modules/systemlib/mixer/libmodules__systemlib__mixer.a(mixer_helicopter.cpp.obj)
                0x0800d72c                vtable for HelicopterMixer
 .rodata.str1.1
                0x0800d754       0x41 src/modules/systemlib/mixer/libmodules__systemlib__mixer.a(mixer_helicopter.cpp.obj)
 *fill*         0x0800d795        0x3 
 .rodata._ZN12_GLOBAL__N_1L14_config_quad_hE
                0x0800d798       0x40 src/modules/systemlib/mixer/libmodules__systemlib__mixer.a(mixer_multirotor.cpp.obj)
 .rodata._ZN12_GLOBAL__N_1L20_config_quad_deadcatE
                0x0800d7d8       0x40 src/modules/systemlib/mixer/libmodules__systemlib__mixer.a(mixer_multirotor.cpp.obj)
 .rodata._ZN12_GLOBAL__N_1L13_config_tri_yE
                0x0800d818       0x30 src/modules/systemlib/mixer/libmodules__systemlib__mixer.a(mixer_multirotor.cpp.obj)
 .rodata._ZN12_GLOBAL__N_1L19_config_twin_engineE
                0x0800d848       0x20 src/modules/systemlib/mixer/libmodules__systemlib__mixer.a(mixer_multirotor.cpp.obj)
 .rodata._ZN12_GLOBAL__N_1L13_config_hex_xE
                0x0800d868       0x60 src/modules/systemlib/mixer/libmodules__systemlib__mixer.a(mixer_multirotor.cpp.obj)
 .rodata._ZN12_GLOBAL__N_1L13_config_hex_tE
                0x0800d8c8       0x60 src/modules/systemlib/mixer/libmodules__systemlib__mixer.a(mixer_multirotor.cpp.obj)
 .rodata._ZN12_GLOBAL__N_1L15_config_hex_coxE
                0x0800d928       0x60 src/modules/systemlib/mixer/libmodules__systemlib__mixer.a(mixer_multirotor.cpp.obj)
 .rodata._ZN12_GLOBAL__N_1L14_config_quad_vE
                0x0800d988       0x40 src/modules/systemlib/mixer/libmodules__systemlib__mixer.a(mixer_multirotor.cpp.obj)
 .rodata.str1.1
                0x0800d9c8       0x4c src/modules/systemlib/mixer/libmodules__systemlib__mixer.a(mixer_multirotor.cpp.obj)
 .rodata._ZN12_GLOBAL__N_1L19_config_rotor_countE
                0x0800da14       0x4c src/modules/systemlib/mixer/libmodules__systemlib__mixer.a(mixer_multirotor.cpp.obj)
 .rodata._ZN12_GLOBAL__N_1L14_config_octa_xE
                0x0800da60       0x80 src/modules/systemlib/mixer/libmodules__systemlib__mixer.a(mixer_multirotor.cpp.obj)
 .rodata._ZN12_GLOBAL__N_1L25_config_dodeca_bottom_coxE
                0x0800dae0       0x60 src/modules/systemlib/mixer/libmodules__systemlib__mixer.a(mixer_multirotor.cpp.obj)
 .rodata._ZN12_GLOBAL__N_1L16_config_hex_plusE
                0x0800db40       0x60 src/modules/systemlib/mixer/libmodules__systemlib__mixer.a(mixer_multirotor.cpp.obj)
 .rodata._ZN12_GLOBAL__N_1L19_config_quad_s250aqE
                0x0800dba0       0x40 src/modules/systemlib/mixer/libmodules__systemlib__mixer.a(mixer_multirotor.cpp.obj)
 .rodata._ZN12_GLOBAL__N_1L17_config_octa_plusE
                0x0800dbe0       0x80 src/modules/systemlib/mixer/libmodules__systemlib__mixer.a(mixer_multirotor.cpp.obj)
 .rodata._ZN12_GLOBAL__N_1L17_config_quad_plusE
                0x0800dc60       0x40 src/modules/systemlib/mixer/libmodules__systemlib__mixer.a(mixer_multirotor.cpp.obj)
 .rodata._ZN12_GLOBAL__N_113_config_indexE
                0x0800dca0       0x4c src/modules/systemlib/mixer/libmodules__systemlib__mixer.a(mixer_multirotor.cpp.obj)
 .rodata._ZN12_GLOBAL__N_1L17_config_quad_wideE
                0x0800dcec       0x40 src/modules/systemlib/mixer/libmodules__systemlib__mixer.a(mixer_multirotor.cpp.obj)
 .rodata._ZN12_GLOBAL__N_1L21_config_octa_cox_wideE
                0x0800dd2c       0x80 src/modules/systemlib/mixer/libmodules__systemlib__mixer.a(mixer_multirotor.cpp.obj)
 .rodata._ZN12_GLOBAL__N_1L22_config_dodeca_top_coxE
                0x0800ddac       0x60 src/modules/systemlib/mixer/libmodules__systemlib__mixer.a(mixer_multirotor.cpp.obj)
 .rodata._ZN12_GLOBAL__N_1L14_config_quad_xE
                0x0800de0c       0x40 src/modules/systemlib/mixer/libmodules__systemlib__mixer.a(mixer_multirotor.cpp.obj)
 .rodata._ZTV15MultirotorMixer
                0x0800de4c       0x28 src/modules/systemlib/mixer/libmodules__systemlib__mixer.a(mixer_multirotor.cpp.obj)
                0x0800de4c                vtable for MultirotorMixer
 .rodata._ZN12_GLOBAL__N_1L16_config_octa_coxE
                0x0800de74       0x80 src/modules/systemlib/mixer/libmodules__systemlib__mixer.a(mixer_multirotor.cpp.obj)
 .rodata._ZTV11SimpleMixer
                0x0800def4       0x28 src/modules/systemlib/mixer/libmodules__systemlib__mixer.a(mixer_simple.cpp.obj)
                0x0800def4                vtable for SimpleMixer
 .rodata.str1.1
                0x0800df1c       0x35 src/modules/systemlib/mixer/libmodules__systemlib__mixer.a(mixer_simple.cpp.obj)
 *fill*         0x0800df51        0x3 
 .rodata._ZTV5Mixer
                0x0800df54       0x28 src/modules/systemlib/mixer/libmodules__systemlib__mixer.a(mixer.cpp.obj)
                0x0800df54                vtable for Mixer
 .rodata._ZTV9NullMixer
                0x0800df7c       0x2c src/modules/systemlib/mixer/libmodules__systemlib__mixer.a(mixer.cpp.obj)
                0x0800df7c                vtable for NullMixer
 .rodata.str1.1
                0x0800dfa8       0x17 NuttX/nuttx/arch/arm/src/libarch.a(up_blocktask.o)
 .rodata.str1.1
                0x0800dfbf       0x19 NuttX/nuttx/arch/arm/src/libarch.a(up_unblocktask.o)
 .rodata.crc32_tab
                0x0800dfd8      0x400 NuttX/nuttx/libc/libc.a(lib_crc32.o)
 .rodata.g_nullstring
                0x0800e3d8        0x7 NuttX/nuttx/libc/libc.a(lib_libvsprintf.o)
 .rodata.str1.1
                0x0800e3df       0x1c NuttX/nuttx/libc/libc.a(lib_libvsprintf.o)
 .rodata.str1.1
                0x0800e3fb       0x1d NuttX/nuttx/libc/libc.a(lib_sscanf.o)
 .rodata.spaces
                0x0800e418        0x7 NuttX/nuttx/libc/libc.a(lib_sscanf.o)
 .rodata.CSWTCH.20
                0x0800e41f       0x21 NuttX/nuttx/libc/libc.a(lib_sscanf.o)
 .rodata.CSWTCH.21
                0x0800e440       0x21 NuttX/nuttx/libc/libc.a(lib_sscanf.o)
 .rodata.str1.1
                0x0800e461       0x19 NuttX/nuttx/libxx/libcxx.a(libxx_cxapurevirtual.o)
 *fill*         0x0800e47a        0x2 
 .rodata.g_syslog_console_channel
                0x0800e47c        0xc NuttX/nuttx/drivers/libdrivers.a(syslog_consolechannel.o)
 .rodata.str1.1
                0x0800e488        0xd NuttX/nuttx/drivers/libdrivers.a(syslog_consolechannel.o)
 .rodata.g_syscrlf
                0x0800e488        0x2 NuttX/nuttx/drivers/libdrivers.a(syslog_device.o)
 .rodata.str1.1
                0x0800e48a       0x11 NuttX/nuttx/fs/libfs.a(fs_files.o)
 .rodata.str1.1
                0x0800e49b       0x1d NuttX/nuttx/sched/libsched.a(sched_addprioritized.o)
 .rodata.str1.1
                0x0800e4b8       0x1b NuttX/nuttx/sched/libsched.a(sched_mergepending.o)
 *fill*         0x0800e4d3        0x1 
 .rodata.latency_buckets
                0x0800e4d4       0x10 src/drivers/stm32/libdrivers__stm32.a(drv_hrt.c.obj)
                0x0800e4d4                latency_buckets
 .rodata.str1.1
                0x0800e4e4      0x238 src/lib/rc/liblib__rc.a(sumd.cpp.obj)
 .rodata._ZL12sbus_decoder
                0x0800e71c       0xc0 src/lib/rc/liblib__rc.a(sbus.cpp.obj)
 .rodata._ZZL16dsm_guess_formatbE5masks
                0x0800e7dc       0x1c src/lib/rc/liblib__rc.a(dsm.cpp.obj)
 .rodata.io_timers
                0x0800e7f8       0xa0 src/drivers/boards/px4io-v2/libdrivers__boards__px4io-v2.a(px4io_timer_config.c.obj)
                0x0800e7f8                io_timers
 .rodata.timer_io_channels
                0x0800e898       0x80 src/drivers/boards/px4io-v2/libdrivers__boards__px4io-v2.a(px4io_timer_config.c.obj)
                0x0800e898                timer_io_channels
 .rodata.str1.4
                0x0800e918        0x8 /home/rablsa/gcc-arm-none-eabi-5_4-2016q2/bin/../lib/gcc/arm-none-eabi/5.4.1/../../../../arm-none-eabi/lib/armv7-m/libm.a(lib_a-wf_sqrt.o)
                                  0x6 (size before relaxing)
 .rodata.npio2_hw
                0x0800e920       0x80 /home/rablsa/gcc-arm-none-eabi-5_4-2016q2/bin/../lib/gcc/arm-none-eabi/5.4.1/../../../../arm-none-eabi/lib/armv7-m/libm.a(lib_a-ef_rem_pio2.o)
 .rodata.two_over_pi
                0x0800e9a0      0x318 /home/rablsa/gcc-arm-none-eabi-5_4-2016q2/bin/../lib/gcc/arm-none-eabi/5.4.1/../../../../arm-none-eabi/lib/armv7-m/libm.a(lib_a-ef_rem_pio2.o)
 .rodata.init_jk
                0x0800ecb8        0xc /home/rablsa/gcc-arm-none-eabi-5_4-2016q2/bin/../lib/gcc/arm-none-eabi/5.4.1/../../../../arm-none-eabi/lib/armv7-m/libm.a(lib_a-kf_rem_pio2.o)
 .rodata.PIo2   0x0800ecc4       0x2c /home/rablsa/gcc-arm-none-eabi-5_4-2016q2/bin/../lib/gcc/arm-none-eabi/5.4.1/../../../../arm-none-eabi/lib/armv7-m/libm.a(lib_a-kf_rem_pio2.o)
 *(.gnu.linkonce.t.*)
 *(.glue_7)
 .glue_7        0x0800ecf0        0x0 linker stubs
 *(.glue_7t)
 .glue_7t       0x0800ecf0        0x0 linker stubs
 *(.got)
 *(.gcc_except_table)
 *(.gnu.linkonce.r.*)
                0x0800ecf0                _etext = ABSOLUTE (.)
                0x08002eec                __errno = get_errno_ptr

.vfp11_veneer   0x0800ecf0        0x0
 .vfp11_veneer  0x0800ecf0        0x0 linker stubs

.v4_bx          0x0800ecf0        0x0
 .v4_bx         0x0800ecf0        0x0 linker stubs

.iplt           0x0800ecf0        0x0
 .iplt          0x0800ecf0        0x0 src/firmware/nuttx/CMakeFiles/nuttx_px4io-v2_default.elf.dir/__/__/platforms/empty.c.obj

.init_section   0x0800ecf0        0x4
                0x0800ecf0                _sinit = ABSOLUTE (.)
 *(.init_array .init_array.*)
 .init_array    0x0800ecf0        0x4 src/modules/px4iofirmware/libmodules__px4iofirmware.a(mixer.cpp.obj)